Archive member included to satisfy reference by file (symbol)

/usr/lib/gcc/arm-none-eabi/10.3.1/thumb/v6-m/nofp/libgcc.a(_dvmd_tls.o)
                              CMakeFiles/runnable.dir/home/geragm/pico/pico-sdk/src/rp2_common/pico_divider/divider.S.obj (__aeabi_idiv0)
/usr/lib/gcc/arm-none-eabi/10.3.1/../../../arm-none-eabi/lib/thumb/v6-m/nofp/libg.a(lib_a-atexit.o)
                              /usr/lib/gcc/arm-none-eabi/10.3.1/../../../arm-none-eabi/lib/thumb/v6-m/nofp/crt0.o (atexit)
/usr/lib/gcc/arm-none-eabi/10.3.1/../../../arm-none-eabi/lib/thumb/v6-m/nofp/libg.a(lib_a-calloc.o)
                              CMakeFiles/runnable.dir/home/geragm/pico/pico-sdk/src/rp2_common/pico_malloc/pico_malloc.c.obj (calloc)
/usr/lib/gcc/arm-none-eabi/10.3.1/../../../arm-none-eabi/lib/thumb/v6-m/nofp/libg.a(lib_a-callocr.o)
                              /usr/lib/gcc/arm-none-eabi/10.3.1/../../../arm-none-eabi/lib/thumb/v6-m/nofp/libg.a(lib_a-calloc.o) (_calloc_r)
/usr/lib/gcc/arm-none-eabi/10.3.1/../../../arm-none-eabi/lib/thumb/v6-m/nofp/libg.a(lib_a-fini.o)
                              /usr/lib/gcc/arm-none-eabi/10.3.1/../../../arm-none-eabi/lib/thumb/v6-m/nofp/crt0.o (__libc_fini_array)
/usr/lib/gcc/arm-none-eabi/10.3.1/../../../arm-none-eabi/lib/thumb/v6-m/nofp/libg.a(lib_a-impure.o)
                              /usr/lib/gcc/arm-none-eabi/10.3.1/../../../arm-none-eabi/lib/thumb/v6-m/nofp/libg.a(lib_a-calloc.o) (_impure_ptr)
/usr/lib/gcc/arm-none-eabi/10.3.1/../../../arm-none-eabi/lib/thumb/v6-m/nofp/libg.a(lib_a-init.o)
                              /usr/lib/gcc/arm-none-eabi/10.3.1/../../../arm-none-eabi/lib/thumb/v6-m/nofp/crt0.o (__libc_init_array)
/usr/lib/gcc/arm-none-eabi/10.3.1/../../../arm-none-eabi/lib/thumb/v6-m/nofp/libg.a(lib_a-malloc.o)
                              CMakeFiles/runnable.dir/home/geragm/pico/pico-sdk/src/rp2_common/pico_malloc/pico_malloc.c.obj (malloc)
/usr/lib/gcc/arm-none-eabi/10.3.1/../../../arm-none-eabi/lib/thumb/v6-m/nofp/libg.a(lib_a-mallocr.o)
                              /usr/lib/gcc/arm-none-eabi/10.3.1/../../../arm-none-eabi/lib/thumb/v6-m/nofp/libg.a(lib_a-callocr.o) (_malloc_r)
/usr/lib/gcc/arm-none-eabi/10.3.1/../../../arm-none-eabi/lib/thumb/v6-m/nofp/libg.a(lib_a-mlock.o)
                              /usr/lib/gcc/arm-none-eabi/10.3.1/../../../arm-none-eabi/lib/thumb/v6-m/nofp/libg.a(lib_a-mallocr.o) (__malloc_lock)
/usr/lib/gcc/arm-none-eabi/10.3.1/../../../arm-none-eabi/lib/thumb/v6-m/nofp/libg.a(lib_a-realloc.o)
                              CMakeFiles/runnable.dir/home/geragm/pico/pico-sdk/src/rp2_common/pico_malloc/pico_malloc.c.obj (realloc)
/usr/lib/gcc/arm-none-eabi/10.3.1/../../../arm-none-eabi/lib/thumb/v6-m/nofp/libg.a(lib_a-reallocr.o)
                              /usr/lib/gcc/arm-none-eabi/10.3.1/../../../arm-none-eabi/lib/thumb/v6-m/nofp/libg.a(lib_a-realloc.o) (_realloc_r)
/usr/lib/gcc/arm-none-eabi/10.3.1/../../../arm-none-eabi/lib/thumb/v6-m/nofp/libg.a(lib_a-sbrkr.o)
                              /usr/lib/gcc/arm-none-eabi/10.3.1/../../../arm-none-eabi/lib/thumb/v6-m/nofp/libg.a(lib_a-mallocr.o) (_sbrk_r)
/usr/lib/gcc/arm-none-eabi/10.3.1/../../../arm-none-eabi/lib/thumb/v6-m/nofp/libg.a(lib_a-strlen-stub.o)
                              CMakeFiles/runnable.dir/home/geragm/pico/pico-sdk/src/rp2_common/pico_stdio/stdio.c.obj (strlen)
/usr/lib/gcc/arm-none-eabi/10.3.1/../../../arm-none-eabi/lib/thumb/v6-m/nofp/libg.a(lib_a-__atexit.o)
                              /usr/lib/gcc/arm-none-eabi/10.3.1/../../../arm-none-eabi/lib/thumb/v6-m/nofp/libg.a(lib_a-atexit.o) (__register_exitproc)
/usr/lib/gcc/arm-none-eabi/10.3.1/../../../arm-none-eabi/lib/thumb/v6-m/nofp/libg.a(lib_a-freer.o)
                              /usr/lib/gcc/arm-none-eabi/10.3.1/../../../arm-none-eabi/lib/thumb/v6-m/nofp/libg.a(lib_a-malloc.o) (_free_r)
/usr/lib/gcc/arm-none-eabi/10.3.1/../../../arm-none-eabi/lib/thumb/v6-m/nofp/libg.a(lib_a-memmove.o)
                              /usr/lib/gcc/arm-none-eabi/10.3.1/../../../arm-none-eabi/lib/thumb/v6-m/nofp/libg.a(lib_a-reallocr.o) (memmove)
/usr/lib/gcc/arm-none-eabi/10.3.1/../../../arm-none-eabi/lib/thumb/v6-m/nofp/libg.a(lib_a-reent.o)
                              /usr/lib/gcc/arm-none-eabi/10.3.1/../../../arm-none-eabi/lib/thumb/v6-m/nofp/libg.a(lib_a-sbrkr.o) (errno)

Discarded input sections

 .text          0x0000000000000000        0x0 /usr/lib/gcc/arm-none-eabi/10.3.1/thumb/v6-m/nofp/crti.o
 .data          0x0000000000000000        0x0 /usr/lib/gcc/arm-none-eabi/10.3.1/thumb/v6-m/nofp/crti.o
 .bss           0x0000000000000000        0x0 /usr/lib/gcc/arm-none-eabi/10.3.1/thumb/v6-m/nofp/crti.o
 .data          0x0000000000000000        0x4 /usr/lib/gcc/arm-none-eabi/10.3.1/thumb/v6-m/nofp/crtbegin.o
 .rodata        0x0000000000000000       0x24 /usr/lib/gcc/arm-none-eabi/10.3.1/thumb/v6-m/nofp/crtbegin.o
 .fini_array    0x0000000000000000        0x4 /usr/lib/gcc/arm-none-eabi/10.3.1/thumb/v6-m/nofp/crtbegin.o
[...]
Memory Configuration

Name             Origin             Length             Attributes
FLASH            0x0000000010000000 0x0000000000200000 xr
RAM              0x0000000020000000 0x0000000000040000 xrw
SCRATCH_X        0x0000000020040000 0x0000000000001000 xrw
SCRATCH_Y        0x0000000020041000 0x0000000000001000 xrw
*default*        0x0000000000000000 0xffffffffffffffff

Linker script and memory map

LOAD /usr/lib/gcc/arm-none-eabi/10.3.1/thumb/v6-m/nofp/crti.o
LOAD /usr/lib/gcc/arm-none-eabi/10.3.1/thumb/v6-m/nofp/crtbegin.o
LOAD /usr/lib/gcc/arm-none-eabi/10.3.1/../../../arm-none-eabi/lib/thumb/v6-m/nofp/crt0.o

.flash_begin    0x0000000010000000        0x0
                0x0000000010000000                __flash_binary_start = .

.boot2          0x0000000010000000      0x100
                0x0000000010000000                __boot2_start__ = .
 *(.boot2)
 .boot2         0x0000000010000000      0x100 /tmp/cc7L3YFM.o
                0x0000000010000100                __boot2_end__ = .
                0x0000000000000001                ASSERT (((__boot2_end__ - __boot2_start__) == 0x100), ERROR: Pico second stage bootloader must be 256 bytes in size)

.text           0x0000000010000100     0x4230
                0x0000000010000100                __logical_binary_start = .
 *(.vectors)
 .vectors       0x0000000010000100       0xd4 CMakeFiles/runnable.dir/home/geragm/pico/pico-sdk/src/rp2_common/pico_standard_link/crt0.S.obj
                0x0000000010000100                __vectors
                0x0000000010000100                __VECTOR_TABLE
                0x00000000100001c0                isr_invalid
                0x00000000100001c0                __default_isrs_start
                0x00000000100001c2                isr_nmi
                0x00000000100001c4                isr_hardfault
                0x00000000100001c6                isr_svcall
                0x00000000100001c8                isr_pendsv
                0x00000000100001ca                isr_systick
                0x00000000100001cc                isr_irq30
                0x00000000100001cc                __unhandled_user_irq
                0x00000000100001cc                isr_irq13
                0x00000000100001cc                isr_irq27
                0x00000000100001cc                isr_irq31
                0x00000000100001cc                isr_irq5
                0x00000000100001cc                isr_irq11
                0x00000000100001cc                isr_irq23
                0x00000000100001cc                isr_irq18
                0x00000000100001cc                isr_irq28
                0x00000000100001cc                isr_irq19
                0x00000000100001cc                isr_irq0
                0x00000000100001cc                isr_irq6
                0x00000000100001cc                isr_irq22
                0x00000000100001cc                isr_irq17
                0x00000000100001cc                isr_irq14
                0x00000000100001cc                isr_irq2
                0x00000000100001cc                isr_irq10
                0x00000000100001cc                isr_irq8
                0x00000000100001cc                isr_irq24
                0x00000000100001cc                isr_irq1
                0x00000000100001cc                isr_irq7
                0x00000000100001cc                isr_irq21
                0x00000000100001cc                isr_irq20
                0x00000000100001cc                isr_irq15
                0x00000000100001cc                isr_irq25
                0x00000000100001cc                isr_irq4
                0x00000000100001cc                isr_irq16
                0x00000000100001cc                isr_irq29
                0x00000000100001cc                isr_irq26
                0x00000000100001cc                __default_isrs_end
                0x00000000100001cc                isr_irq3
                0x00000000100001cc                isr_irq12
                0x00000000100001cc                isr_irq9
                0x00000000100001d2                unhandled_user_irq_num_in_r0
 *(.binary_info_header)
 .binary_info_header
                0x00000000100001d4       0x14 CMakeFiles/runnable.dir/home/geragm/pico/pico-sdk/src/rp2_common/pico_standard_link/crt0.S.obj
                0x00000000100001e8                __binary_info_header_end = .
 *(.reset)
 .reset         0x00000000100001e8       0xa8 CMakeFiles/runnable.dir/home/geragm/pico/pico-sdk/src/rp2_common/pico_standard_link/crt0.S.obj
                0x00000000100001e8                _entry_point
                0x0000000010000266                __get_current_exception
 .reset         0x0000000010000290       0x30 CMakeFiles/runnable.dir/home/geragm/pico/pico-sdk/src/rp2_common/pico_standard_link/binary_info.c.obj
 *(.init)
 .init          0x00000000100002c0        0x4 /usr/lib/gcc/arm-none-eabi/10.3.1/thumb/v6-m/nofp/crti.o
                0x00000000100002c0                _init
 *(EXCLUDE_FILE(*libm.a: *libc.a:*lib_a-mem*.o *libgcc.a:) .text*)
 .text          0x00000000100002c4       0x98 /usr/lib/gcc/arm-none-eabi/10.3.1/thumb/v6-m/nofp/crtbegin.o
 .text._Z41__static_initialization_and_destruction_0ii
                0x000000001000035c       0x20 CMakeFiles/runnable.dir/main.cpp.obj
 .text.main     0x000000001000037c       0x18 CMakeFiles/runnable.dir/main.cpp.obj
                0x000000001000037c                main
 .text._GLOBAL__sub_I_Motor
                0x0000000010000394       0x10 CMakeFiles/runnable.dir/main.cpp.obj
 .text._Z17encoders_callbackjm
                0x00000000100003a4       0x4c CMakeFiles/runnable.dir/Motors/motors_control.cpp.obj
                0x00000000100003a4                encoders_callback(unsigned int, unsigned long)
 .text._ZN6MotorsC2Ev
                0x00000000100003f0       0x48 CMakeFiles/runnable.dir/Motors/motors_control.cpp.obj
                0x00000000100003f0                Motors::Motors()
                0x00000000100003f0                Motors::Motors()
 .text._ZN6Motors18init_sensors_inputEv
                0x0000000010000438       0x98 CMakeFiles/runnable.dir/Motors/motors_control.cpp.obj
                0x0000000010000438                Motors::init_sensors_input()
 .text._ZN6Motors8init_pwmEv
                0x00000000100004d0       0x5c CMakeFiles/runnable.dir/Motors/motors_control.cpp.obj
                0x00000000100004d0                Motors::init_pwm()
 .text.gpio_set_function
                0x000000001000052c       0x30 CMakeFiles/runnable.dir/home/geragm/pico/pico-sdk/src/rp2_common/hardware_gpio/gpio.c.obj
                0x000000001000052c                gpio_set_function
 .text.gpio_set_pulls
                0x000000001000055c       0x34 CMakeFiles/runnable.dir/home/geragm/pico/pico-sdk/src/rp2_common/hardware_gpio/gpio.c.obj
                0x000000001000055c                gpio_set_pulls
 .text.gpio_set_irq_callback
                0x0000000010000590       0x48 CMakeFiles/runnable.dir/home/geragm/pico/pico-sdk/src/rp2_common/hardware_gpio/gpio.c.obj
                0x0000000010000590                gpio_set_irq_callback
 .text.gpio_acknowledge_irq
                0x00000000100005d8       0x18 CMakeFiles/runnable.dir/home/geragm/pico/pico-sdk/src/rp2_common/hardware_gpio/gpio.c.obj
                0x00000000100005d8                gpio_acknowledge_irq
 .text._gpio_set_irq_enabled
                0x00000000100005f0       0x34 CMakeFiles/runnable.dir/home/geragm/pico/pico-sdk/src/rp2_common/hardware_gpio/gpio.c.obj
 .text.gpio_set_irq_enabled
                0x0000000010000624       0x20 CMakeFiles/runnable.dir/home/geragm/pico/pico-sdk/src/rp2_common/hardware_gpio/gpio.c.obj
                0x0000000010000624                gpio_set_irq_enabled
 .text.gpio_set_irq_enabled_with_callback
                0x0000000010000644       0x20 CMakeFiles/runnable.dir/home/geragm/pico/pico-sdk/src/rp2_common/hardware_gpio/gpio.c.obj
                0x0000000010000644                gpio_set_irq_enabled_with_callback
 .text.gpio_default_irq_handler
                0x0000000010000664       0x98 CMakeFiles/runnable.dir/home/geragm/pico/pico-sdk/src/rp2_common/hardware_gpio/gpio.c.obj
 .text.gpio_init
                0x00000000100006fc       0x16 CMakeFiles/runnable.dir/home/geragm/pico/pico-sdk/src/rp2_common/hardware_gpio/gpio.c.obj
                0x00000000100006fc                gpio_init
 *fill*         0x0000000010000712        0x2 
 .text.hw_claim_lock
                0x0000000010000714       0x18 CMakeFiles/runnable.dir/home/geragm/pico/pico-sdk/src/rp2_common/hardware_claim/claim.c.obj
                0x0000000010000714                hw_claim_lock
 .text.hw_claim_unlock
                0x000000001000072c       0x14 CMakeFiles/runnable.dir/home/geragm/pico/pico-sdk/src/rp2_common/hardware_claim/claim.c.obj
                0x000000001000072c                hw_claim_unlock
 .text.hw_claim_or_assert
                0x0000000010000740       0x32 CMakeFiles/runnable.dir/home/geragm/pico/pico-sdk/src/rp2_common/hardware_claim/claim.c.obj
                0x0000000010000740                hw_claim_or_assert
 *fill*         0x0000000010000772        0x2 
 .text.running_on_fpga
                0x0000000010000774       0x14 CMakeFiles/runnable.dir/home/geragm/pico/pico-sdk/src/rp2_common/pico_platform/platform.c.obj
                0x0000000010000774                running_on_fpga
 .text.spin_locks_reset
                0x0000000010000788       0x20 CMakeFiles/runnable.dir/home/geragm/pico/pico-sdk/src/rp2_common/hardware_sync/sync.c.obj
                0x0000000010000788                spin_locks_reset
 .text.next_striped_spin_lock_num
                0x00000000100007a8       0x1c CMakeFiles/runnable.dir/home/geragm/pico/pico-sdk/src/rp2_common/hardware_sync/sync.c.obj
                0x00000000100007a8                next_striped_spin_lock_num
 .text.set_raw_irq_handler_and_unlock
                0x00000000100007c4       0x28 CMakeFiles/runnable.dir/home/geragm/pico/pico-sdk/src/rp2_common/hardware_irq/irq.c.obj
 .text.make_branch
                0x00000000100007ec       0x48 CMakeFiles/runnable.dir/home/geragm/pico/pico-sdk/src/rp2_common/hardware_irq/irq.c.obj
 .text.insert_branch_and_link
                0x0000000010000834       0x40 CMakeFiles/runnable.dir/home/geragm/pico/pico-sdk/src/rp2_common/hardware_irq/irq.c.obj
 .text.irq_is_enabled
                0x0000000010000874       0x18 CMakeFiles/runnable.dir/home/geragm/pico/pico-sdk/src/rp2_common/hardware_irq/irq.c.obj
                0x0000000010000874                irq_is_enabled
 .text.irq_set_mask_enabled
                0x000000001000088c       0x20 CMakeFiles/runnable.dir/home/geragm/pico/pico-sdk/src/rp2_common/hardware_irq/irq.c.obj
                0x000000001000088c                irq_set_mask_enabled
 .text.irq_set_enabled
                0x00000000100008ac        0xe CMakeFiles/runnable.dir/home/geragm/pico/pico-sdk/src/rp2_common/hardware_irq/irq.c.obj
                0x00000000100008ac                irq_set_enabled
 *fill*         0x00000000100008ba        0x2 
 .text.irq_get_vtable_handler
                0x00000000100008bc       0x10 CMakeFiles/runnable.dir/home/geragm/pico/pico-sdk/src/rp2_common/hardware_irq/irq.c.obj
                0x00000000100008bc                irq_get_vtable_handler
 .text.irq_set_exclusive_handler
                0x00000000100008cc       0x54 CMakeFiles/runnable.dir/home/geragm/pico/pico-sdk/src/rp2_common/hardware_irq/irq.c.obj
                0x00000000100008cc                irq_set_exclusive_handler
 .text.irq_add_shared_handler
                0x0000000010000920      0x230 CMakeFiles/runnable.dir/home/geragm/pico/pico-sdk/src/rp2_common/hardware_irq/irq.c.obj
                0x0000000010000920                irq_add_shared_handler
 .text.irq_remove_handler
                0x0000000010000b50      0x1a8 CMakeFiles/runnable.dir/home/geragm/pico/pico-sdk/src/rp2_common/hardware_irq/irq.c.obj
                0x0000000010000b50                irq_remove_handler
 .text.irq_add_tail_to_free_list
                0x0000000010000cf8       0xf0 CMakeFiles/runnable.dir/home/geragm/pico/pico-sdk/src/rp2_common/hardware_irq/irq.c.obj
                0x0000000010000cf8                irq_add_tail_to_free_list
 .text.irq_init_priorities
                0x0000000010000de8       0x1c CMakeFiles/runnable.dir/home/geragm/pico/pico-sdk/src/rp2_common/hardware_irq/irq.c.obj
                0x0000000010000de8                irq_init_priorities
 .text.lock_init
                0x0000000010000e04       0x10 CMakeFiles/runnable.dir/home/geragm/pico/pico-sdk/src/common/pico_sync/lock_core.c.obj
                0x0000000010000e04                lock_init
 .text.alarm_pool_post_alloc_init
                0x0000000010000e14       0x40 CMakeFiles/runnable.dir/home/geragm/pico/pico-sdk/src/common/pico_time/time.c.obj
 .text.timer_pool_entry_comparator
                0x0000000010000e54       0x7c CMakeFiles/runnable.dir/home/geragm/pico/pico-sdk/src/common/pico_time/time.c.obj
                0x0000000010000e54                timer_pool_entry_comparator
 .text.ph_add_child_node
                0x0000000010000ed0       0xa4 CMakeFiles/runnable.dir/home/geragm/pico/pico-sdk/src/common/pico_time/time.c.obj
 .text.ph_merge_nodes
                0x0000000010000f74       0x3e CMakeFiles/runnable.dir/home/geragm/pico/pico-sdk/src/common/pico_time/time.c.obj
 *fill*         0x0000000010000fb2        0x2 
 .text.add_alarm_under_lock
                0x0000000010000fb4      0x174 CMakeFiles/runnable.dir/home/geragm/pico/pico-sdk/src/common/pico_time/time.c.obj
 .text.alarm_pool_alarm_callback
                0x0000000010001128      0x328 CMakeFiles/runnable.dir/home/geragm/pico/pico-sdk/src/common/pico_time/time.c.obj
 .text.alarm_pool_init_default
                0x0000000010001450       0x38 CMakeFiles/runnable.dir/home/geragm/pico/pico-sdk/src/common/pico_time/time.c.obj
                0x0000000010001450                alarm_pool_init_default
 .text.hardware_alarm_irq_handler
                0x0000000010001488       0x8c CMakeFiles/runnable.dir/home/geragm/pico/pico-sdk/src/rp2_common/hardware_timer/timer.c.obj
 .text.hardware_alarm_claim
                0x0000000010001514       0x18 CMakeFiles/runnable.dir/home/geragm/pico/pico-sdk/src/rp2_common/hardware_timer/timer.c.obj
                0x0000000010001514                hardware_alarm_claim
 .text.time_us_64
                0x000000001000152c       0x18 CMakeFiles/runnable.dir/home/geragm/pico/pico-sdk/src/rp2_common/hardware_timer/timer.c.obj
                0x000000001000152c                time_us_64
 .text.hardware_alarm_set_callback
                0x0000000010001544       0x90 CMakeFiles/runnable.dir/home/geragm/pico/pico-sdk/src/rp2_common/hardware_timer/timer.c.obj
                0x0000000010001544                hardware_alarm_set_callback
 .text.hardware_alarm_set_target
                0x00000000100015d4       0xe8 CMakeFiles/runnable.dir/home/geragm/pico/pico-sdk/src/rp2_common/hardware_timer/timer.c.obj
                0x00000000100015d4                hardware_alarm_set_target
 .text.hardware_alarm_cancel
                0x00000000100016bc       0x40 CMakeFiles/runnable.dir/home/geragm/pico/pico-sdk/src/rp2_common/hardware_timer/timer.c.obj
                0x00000000100016bc                hardware_alarm_cancel
 .text.ph_add_child_node
                0x00000000100016fc       0xa4 CMakeFiles/runnable.dir/home/geragm/pico/pico-sdk/src/common/pico_util/pheap.c.obj
 .text.ph_merge_nodes
                0x00000000100017a0       0x3e CMakeFiles/runnable.dir/home/geragm/pico/pico-sdk/src/common/pico_util/pheap.c.obj
 *fill*         0x00000000100017de        0x2 
 .text.ph_clear
                0x00000000100017e0       0x70 CMakeFiles/runnable.dir/home/geragm/pico/pico-sdk/src/common/pico_util/pheap.c.obj
                0x00000000100017e0                ph_clear
 .text.ph_post_alloc_init
                0x0000000010001850        0xe CMakeFiles/runnable.dir/home/geragm/pico/pico-sdk/src/common/pico_util/pheap.c.obj
                0x0000000010001850                ph_post_alloc_init
 *fill*         0x000000001000185e        0x2 
 .text.ph_merge_two_pass
                0x0000000010001860       0xa8 CMakeFiles/runnable.dir/home/geragm/pico/pico-sdk/src/common/pico_util/pheap.c.obj
                0x0000000010001860                ph_merge_two_pass
 .text.ph_remove_any_head
                0x0000000010001908      0x108 CMakeFiles/runnable.dir/home/geragm/pico/pico-sdk/src/common/pico_util/pheap.c.obj
 .text.ph_remove_head
                0x0000000010001a10       0x14 CMakeFiles/runnable.dir/home/geragm/pico/pico-sdk/src/common/pico_util/pheap.c.obj
                0x0000000010001a10                ph_remove_head
 .text.ph_remove_and_free_node
                0x0000000010001a24       0xf8 CMakeFiles/runnable.dir/home/geragm/pico/pico-sdk/src/common/pico_util/pheap.c.obj
                0x0000000010001a24                ph_remove_and_free_node
 .text.mutex_init
                0x0000000010001b1c       0x1a CMakeFiles/runnable.dir/home/geragm/pico/pico-sdk/src/common/pico_sync/mutex.c.obj
                0x0000000010001b1c                mutex_init
 .text.recursive_mutex_init
                0x0000000010001b36       0x1e CMakeFiles/runnable.dir/home/geragm/pico/pico-sdk/src/common/pico_sync/mutex.c.obj
                0x0000000010001b36                recursive_mutex_init
 .text._exit    0x0000000010001b54        0x4 CMakeFiles/runnable.dir/home/geragm/pico/pico-sdk/src/rp2_common/pico_runtime/runtime.c.obj
                0x0000000010001b54                _exit
 .text.exit     0x0000000010001b58        0x6 CMakeFiles/runnable.dir/home/geragm/pico/pico-sdk/src/rp2_common/pico_runtime/runtime.c.obj
                0x0000000010001b58                exit
 *fill*         0x0000000010001b5e        0x2 
 .text.__assert_func
                0x0000000010001b60       0x3c CMakeFiles/runnable.dir/home/geragm/pico/pico-sdk/src/rp2_common/pico_runtime/runtime.c.obj
                0x0000000010001b60                __assert_func
 .text.runtime_init
                0x0000000010001b9c       0xf8 CMakeFiles/runnable.dir/home/geragm/pico/pico-sdk/src/rp2_common/pico_runtime/runtime.c.obj
                0x0000000010001b9c                runtime_init
 .text.panic    0x0000000010001c94       0x30 CMakeFiles/runnable.dir/home/geragm/pico/pico-sdk/src/rp2_common/pico_runtime/runtime.c.obj
                0x0000000010001c94                panic
 .text.clock_configure
                0x0000000010001cc4      0x104 CMakeFiles/runnable.dir/home/geragm/pico/pico-sdk/src/rp2_common/hardware_clocks/clocks.c.obj
                0x0000000010001cc4                clock_configure
 .text.clocks_init
                0x0000000010001dc8      0x100 CMakeFiles/runnable.dir/home/geragm/pico/pico-sdk/src/rp2_common/hardware_clocks/clocks.c.obj
                0x0000000010001dc8                clocks_init
 .text.pll_init
                0x0000000010001ec8      0x140 CMakeFiles/runnable.dir/home/geragm/pico/pico-sdk/src/rp2_common/hardware_pll/pll.c.obj
                0x0000000010001ec8                pll_init
 .text.watchdog_start_tick
                0x0000000010002008       0x10 CMakeFiles/runnable.dir/home/geragm/pico/pico-sdk/src/rp2_common/hardware_watchdog/watchdog.c.obj
                0x0000000010002008                watchdog_start_tick
 .text.xosc_init
                0x0000000010002018       0x28 CMakeFiles/runnable.dir/home/geragm/pico/pico-sdk/src/rp2_common/hardware_xosc/xosc.c.obj
                0x0000000010002018                xosc_init
 .text._out_null
                0x0000000010002040        0x2 CMakeFiles/runnable.dir/home/geragm/pico/pico-sdk/src/rp2_common/pico_printf/printf.c.obj
 .text._out_fct
                0x0000000010002042        0xe CMakeFiles/runnable.dir/home/geragm/pico/pico-sdk/src/rp2_common/pico_printf/printf.c.obj
 .text._atoi    0x0000000010002050       0x24 CMakeFiles/runnable.dir/home/geragm/pico/pico-sdk/src/rp2_common/pico_printf/printf.c.obj
 .text._out_rev
                0x0000000010002074       0xae CMakeFiles/runnable.dir/home/geragm/pico/pico-sdk/src/rp2_common/pico_printf/printf.c.obj
 .text._ntoa_format
                0x0000000010002122      0x112 CMakeFiles/runnable.dir/home/geragm/pico/pico-sdk/src/rp2_common/pico_printf/printf.c.obj
 .text._ntoa_long
                0x0000000010002234       0xbc CMakeFiles/runnable.dir/home/geragm/pico/pico-sdk/src/rp2_common/pico_printf/printf.c.obj
 .text._ntoa_long_long
                0x00000000100022f0       0xe2 CMakeFiles/runnable.dir/home/geragm/pico/pico-sdk/src/rp2_common/pico_printf/printf.c.obj
 *fill*         0x00000000100023d2        0x2 
 .text._etoa    0x00000000100023d4      0x414 CMakeFiles/runnable.dir/home/geragm/pico/pico-sdk/src/rp2_common/pico_printf/printf.c.obj
 .text._ftoa    0x00000000100027e8      0x354 CMakeFiles/runnable.dir/home/geragm/pico/pico-sdk/src/rp2_common/pico_printf/printf.c.obj
 .text._vsnprintf
                0x0000000010002b3c      0x624 CMakeFiles/runnable.dir/home/geragm/pico/pico-sdk/src/rp2_common/pico_printf/printf.c.obj
 .text.vfctprintf
                0x0000000010003160       0x20 CMakeFiles/runnable.dir/home/geragm/pico/pico-sdk/src/rp2_common/pico_printf/printf.c.obj
                0x0000000010003160                vfctprintf
 .text          0x0000000010003180       0x10 CMakeFiles/runnable.dir/home/geragm/pico/pico-sdk/src/rp2_common/pico_bit_ops/bit_ops_aeabi.S.obj
 .text.rom_func_lookup
                0x0000000010003190       0x10 CMakeFiles/runnable.dir/home/geragm/pico/pico-sdk/src/rp2_common/pico_bootrom/bootrom.c.obj
                0x0000000010003190                rom_func_lookup
 .text.rom_data_lookup
                0x00000000100031a0       0x10 CMakeFiles/runnable.dir/home/geragm/pico/pico-sdk/src/rp2_common/pico_bootrom/bootrom.c.obj
                0x00000000100031a0                rom_data_lookup
 .text.rom_funcs_lookup
                0x00000000100031b0       0x36 CMakeFiles/runnable.dir/home/geragm/pico/pico-sdk/src/rp2_common/pico_bootrom/bootrom.c.obj
                0x00000000100031b0                rom_funcs_lookup
 *fill*         0x00000000100031e6        0x2 
 .text.__wrap___aeabi_idiv
                0x00000000100031e8       0x50 CMakeFiles/runnable.dir/home/geragm/pico/pico-sdk/src/rp2_common/pico_divider/divider.S.obj
                0x00000000100031e8                __wrap___aeabi_idivmod
                0x00000000100031e8                divmod_s32s32
                0x00000000100031e8                div_s32s32
                0x00000000100031e8                __wrap___aeabi_idiv
                0x00000000100031f0                divmod_s32s32_unsafe
                0x000000001000321c                divmod_s32s32_savestate
 .text.__wrap___aeabi_uidiv
                0x0000000010003238       0x4c CMakeFiles/runnable.dir/home/geragm/pico/pico-sdk/src/rp2_common/pico_divider/divider.S.obj
                0x0000000010003238                __wrap___aeabi_uidiv
                0x0000000010003238                __wrap___aeabi_uidivmod
                0x0000000010003238                div_u32u32
                0x0000000010003238                divmod_u32u32
                0x0000000010003240                divmod_u32u32_unsafe
                0x0000000010003268                divmod_u32u32_savestate
 .text.__wrap___aeabi_ldiv
                0x0000000010003284      0x434 CMakeFiles/runnable.dir/home/geragm/pico/pico-sdk/src/rp2_common/pico_divider/divider.S.obj
                0x0000000010003284                div_s64s64
                0x0000000010003284                divmod_s64s64
                0x0000000010003284                __wrap___aeabi_ldivmod
                0x00000000100032bc                div_u64u64
                0x00000000100032bc                divmod_u64u64
                0x00000000100032bc                __wrap___aeabi_uldivmod
                0x00000000100032cc                divmod_u64u64_savestate
                0x00000000100032f4                divmod_s64s64_unsafe
                0x000000001000337c                divmod_u64u64_unsafe
 .text.__wrap___aeabi_darithmetic
                0x00000000100036b8       0x80 CMakeFiles/runnable.dir/home/geragm/pico/pico-sdk/src/rp2_common/pico_double/double_aeabi.S.obj
                0x00000000100036b8                __wrap___aeabi_drsub
                0x00000000100036be                __wrap___aeabi_dsub
                0x00000000100036d0                __wrap___aeabi_dadd
                0x00000000100036e2                __wrap___aeabi_ddiv
                0x000000001000371e                __wrap___aeabi_dmul
 .text.__wrap___aeabi_cdcmple
                0x0000000010003738       0x6c CMakeFiles/runnable.dir/home/geragm/pico/pico-sdk/src/rp2_common/pico_double/double_aeabi.S.obj
                0x0000000010003738                __wrap___aeabi_cdrcmple
                0x0000000010003748                __wrap___aeabi_cdcmple
                0x0000000010003748                __wrap___aeabi_cdcmpeq
 .text.__wrap___aeabi_dcmplt
                0x00000000100037a4        0xc CMakeFiles/runnable.dir/home/geragm/pico/pico-sdk/src/rp2_common/pico_double/double_aeabi.S.obj
                0x00000000100037a4                __wrap___aeabi_dcmplt
 .text.__wrap___aeabi_dcmple
                0x00000000100037b0       0x10 CMakeFiles/runnable.dir/home/geragm/pico/pico-sdk/src/rp2_common/pico_double/double_aeabi.S.obj
                0x00000000100037b0                __wrap___aeabi_dcmple
 .text.__wrap___aeabi_dcmpge
                0x00000000100037c0       0x10 CMakeFiles/runnable.dir/home/geragm/pico/pico-sdk/src/rp2_common/pico_double/double_aeabi.S.obj
                0x00000000100037c0                __wrap___aeabi_dcmpge
 .text.__wrap___aeabi_dcmpgt
                0x00000000100037d0        0xa CMakeFiles/runnable.dir/home/geragm/pico/pico-sdk/src/rp2_common/pico_double/double_aeabi.S.obj
                0x00000000100037d0                __wrap___aeabi_dcmpgt
 .text.__wrap___aeabi_dcmpun
                0x00000000100037da       0x1c CMakeFiles/runnable.dir/home/geragm/pico/pico-sdk/src/rp2_common/pico_double/double_aeabi.S.obj
                0x00000000100037da                __wrap___aeabi_dcmpun
 *fill*         0x00000000100037f6        0x2 
 .text.__wrap___aeabi_i2d
                0x00000000100037f8       0x38 CMakeFiles/runnable.dir/home/geragm/pico/pico-sdk/src/rp2_common/pico_double/double_aeabi.S.obj
                0x00000000100037f8                __wrap___aeabi_ui2d
                0x0000000010003800                __wrap___aeabi_i2d
 .text.__wrap___aeabi_d2iz
                0x0000000010003830       0x48 CMakeFiles/runnable.dir/home/geragm/pico/pico-sdk/src/rp2_common/pico_double/double_aeabi.S.obj
                0x0000000010003830                __wrap___aeabi_d2iz
                0x0000000010003830                double2int_z
 .text.__wrap___aeabi_d2uiz
                0x0000000010003878       0x18 CMakeFiles/runnable.dir/home/geragm/pico/pico-sdk/src/rp2_common/pico_double/double_aeabi.S.obj
                0x0000000010003878                double2uint
                0x0000000010003878                __wrap___aeabi_d2uiz
 .text.__aeabi_double_init
                0x0000000010003890       0xc8 CMakeFiles/runnable.dir/home/geragm/pico/pico-sdk/src/rp2_common/pico_double/double_init_rom.c.obj
                0x0000000010003890                __aeabi_double_init
 .text.double_table_shim_on_use_helper
                0x0000000010003958       0x34 CMakeFiles/runnable.dir/home/geragm/pico/pico-sdk/src/rp2_common/pico_double/double_v1_rom_shim.S.obj
                0x0000000010003958                double_table_shim_on_use_helper
 .text.__wrap___aeabi_dsub
                0x000000001000398c       0x10 CMakeFiles/runnable.dir/home/geragm/pico/pico-sdk/src/rp2_common/pico_double/double_v1_rom_shim.S.obj
                0x000000001000398c                drsub_shim
                0x0000000010003992                dsub_shim
 .text.dadd_shim
                0x000000001000399c      0x15c CMakeFiles/runnable.dir/home/geragm/pico/pico-sdk/src/rp2_common/pico_double/double_v1_rom_shim.S.obj
                0x000000001000399c                dadd_shim
 .text.dmul_shim
                0x0000000010003af8      0x15c CMakeFiles/runnable.dir/home/geragm/pico/pico-sdk/src/rp2_common/pico_double/double_v1_rom_shim.S.obj
                0x0000000010003af8                dmul_shim
 .text.ddiv_shim
                0x0000000010003c54      0x1b0 CMakeFiles/runnable.dir/home/geragm/pico/pico-sdk/src/rp2_common/pico_double/double_v1_rom_shim.S.obj
                0x0000000010003c54                ddiv_shim
 .text.double2uint_shim
                0x0000000010003e04        0xe CMakeFiles/runnable.dir/home/geragm/pico/pico-sdk/src/rp2_common/pico_double/double_v1_rom_shim.S.obj
                0x0000000010003e04                double2uint_shim
                0x0000000010003e06                double2ufix_shim
 *fill*         0x0000000010003e12        0x2 
 .text.double2uint64_shim
                0x0000000010003e14       0x70 CMakeFiles/runnable.dir/home/geragm/pico/pico-sdk/src/rp2_common/pico_double/double_v1_rom_shim.S.obj
                0x0000000010003e14                double2uint64_shim
                0x0000000010003e16                double2ufix64_shim
                0x0000000010003e36                d2fix_a
 .text.dunpacks
                0x0000000010003e84       0x3c CMakeFiles/runnable.dir/home/geragm/pico/pico-sdk/src/rp2_common/pico_double/double_v1_rom_shim.S.obj
                0x0000000010003e84                dunpacks
 .text.__aeabi_float_init
                0x0000000010003ec0       0xfc CMakeFiles/runnable.dir/home/geragm/pico/pico-sdk/src/rp2_common/pico_float/float_init_rom.c.obj
                0x0000000010003ec0                __aeabi_float_init
 .text.float_table_shim_on_use_helper
                0x0000000010003fbc       0x34 CMakeFiles/runnable.dir/home/geragm/pico/pico-sdk/src/rp2_common/pico_float/float_v1_rom_shim.S.obj
                0x0000000010003fbc                float_table_shim_on_use_helper
 .text          0x0000000010003ff0       0x10 CMakeFiles/runnable.dir/home/geragm/pico/pico-sdk/src/rp2_common/pico_mem_ops/mem_ops_aeabi.S.obj
                0x0000000010003ff0                __aeabi_mem_init
 .text.memset   0x0000000010004000        0xc CMakeFiles/runnable.dir/home/geragm/pico/pico-sdk/src/rp2_common/pico_mem_ops/mem_ops_aeabi.S.obj
                0x0000000010004000                __wrap_memset
 .text.memcpy   0x000000001000400c        0xc CMakeFiles/runnable.dir/home/geragm/pico/pico-sdk/src/rp2_common/pico_mem_ops/mem_ops_aeabi.S.obj
                0x000000001000400c                __wrap___aeabi_memcpy
                0x000000001000400c                __wrap_memcpy
 .text.stdio_out_chars_no_crlf
                0x0000000010004018        0xe CMakeFiles/runnable.dir/home/geragm/pico/pico-sdk/src/rp2_common/pico_stdio/stdio.c.obj
 *fill*         0x0000000010004026        0x2 
 .text.stdio_out_chars_crlf
                0x0000000010004028       0x80 CMakeFiles/runnable.dir/home/geragm/pico/pico-sdk/src/rp2_common/pico_stdio/stdio.c.obj
 .text.stdio_stack_buffer_flush
                0x00000000100040a8       0x44 CMakeFiles/runnable.dir/home/geragm/pico/pico-sdk/src/rp2_common/pico_stdio/stdio.c.obj
 .text.stdio_buffered_printer
                0x00000000100040ec       0x20 CMakeFiles/runnable.dir/home/geragm/pico/pico-sdk/src/rp2_common/pico_stdio/stdio.c.obj
 .text.stdout_serialize_begin
                0x000000001000410c       0x30 CMakeFiles/runnable.dir/home/geragm/pico/pico-sdk/src/rp2_common/pico_stdio/stdio.c.obj
                0x000000001000410c                stdout_serialize_begin
 .text.stdout_serialize_end
                0x000000001000413c       0x10 CMakeFiles/runnable.dir/home/geragm/pico/pico-sdk/src/rp2_common/pico_stdio/stdio.c.obj
                0x000000001000413c                stdout_serialize_end
 .text.stdio_put_string
                0x000000001000414c       0x98 CMakeFiles/runnable.dir/home/geragm/pico/pico-sdk/src/rp2_common/pico_stdio/stdio.c.obj
 .text.stdio_flush
                0x00000000100041e4       0x20 CMakeFiles/runnable.dir/home/geragm/pico/pico-sdk/src/rp2_common/pico_stdio/stdio.c.obj
                0x00000000100041e4                stdio_flush
 .text.__wrap_puts
                0x0000000010004204       0x1e CMakeFiles/runnable.dir/home/geragm/pico/pico-sdk/src/rp2_common/pico_stdio/stdio.c.obj
                0x0000000010004204                __wrap_puts
 *fill*         0x0000000010004222        0x2 
 .text.__wrap_vprintf
                0x0000000010004224       0x44 CMakeFiles/runnable.dir/home/geragm/pico/pico-sdk/src/rp2_common/pico_stdio/stdio.c.obj
                0x0000000010004224                __wrap_vprintf
 .text.__wrap_printf
                0x0000000010004268       0x18 CMakeFiles/runnable.dir/home/geragm/pico/pico-sdk/src/rp2_common/pico_stdio/stdio.c.obj
                0x0000000010004268                __wrap_printf
 .text          0x0000000010004280       0x5c /usr/lib/gcc/arm-none-eabi/10.3.1/../../../arm-none-eabi/lib/thumb/v6-m/nofp/libg.a(lib_a-strlen-stub.o)
                0x0000000010004280                strlen
 *(.fini)
 .fini          0x00000000100042dc        0x4 /usr/lib/gcc/arm-none-eabi/10.3.1/thumb/v6-m/nofp/crti.o
                0x00000000100042dc                _fini
 .fini.__stub   0x00000000100042e0       0x50 linker stubs
 *crtbegin.o(.ctors)
 *crtbegin?.o(.ctors)
 *(EXCLUDE_FILE(*crtend.o *crtend?.o) .ctors)
 *(SORT_BY_NAME(.ctors.*))
 *(.ctors)
 *crtbegin.o(.dtors)
 *crtbegin?.o(.dtors)
 *(EXCLUDE_FILE(*crtend.o *crtend?.o) .dtors)
 *(SORT_BY_NAME(.dtors.*))
 *(.dtors)
 *(.eh_frame*)
 .eh_frame      0x0000000010004330        0x0 /usr/lib/gcc/arm-none-eabi/10.3.1/thumb/v6-m/nofp/crtbegin.o
                0x0000000010004330                . = ALIGN (0x4)

.glue_7         0x0000000010004330        0x0
 .glue_7        0x0000000010004330        0x0 linker stubs

.glue_7t        0x0000000010004330        0x0
 .glue_7t       0x0000000010004330        0x0 linker stubs

.vfp11_veneer   0x0000000010004330        0x0
 .vfp11_veneer  0x0000000010004330        0x0 linker stubs

.v4_bx          0x0000000010004330        0x0
 .v4_bx         0x0000000010004330        0x0 linker stubs

.iplt           0x0000000010004330        0x0
 .iplt          0x0000000010004330        0x0 /usr/lib/gcc/arm-none-eabi/10.3.1/thumb/v6-m/nofp/crtbegin.o

.rodata         0x0000000010004330      0xe2c
 *(EXCLUDE_FILE(*libm.a: *libc.a:*lib_a-mem*.o *libgcc.a:) .rodata*)
 .rodata        0x0000000010004330       0x18 CMakeFiles/runnable.dir/Motors/motors_control.cpp.obj
 .rodata.make_branch.str1.4
                0x0000000010004348       0x6d CMakeFiles/runnable.dir/home/geragm/pico/pico-sdk/src/rp2_common/hardware_irq/irq.c.obj
 *fill*         0x00000000100043b5        0x3 
 .rodata.insert_branch_and_link.str1.4
                0x00000000100043b8       0x10 CMakeFiles/runnable.dir/home/geragm/pico/pico-sdk/src/rp2_common/hardware_irq/irq.c.obj
 .rodata.irq_set_exclusive_handler.str1.4
                0x00000000100043c8       0x36 CMakeFiles/runnable.dir/home/geragm/pico/pico-sdk/src/rp2_common/hardware_irq/irq.c.obj
 *fill*         0x00000000100043fe        0x2 
 .rodata.irq_add_shared_handler.str1.4
                0x0000000010004400       0xd9 CMakeFiles/runnable.dir/home/geragm/pico/pico-sdk/src/rp2_common/hardware_irq/irq.c.obj
 *fill*         0x00000000100044d9        0x3 
 .rodata.irq_remove_handler.str1.4
                0x00000000100044dc       0x2a CMakeFiles/runnable.dir/home/geragm/pico/pico-sdk/src/rp2_common/hardware_irq/irq.c.obj
 *fill*         0x0000000010004506        0x2 
 .rodata.irq_add_tail_to_free_list.str1.4
                0x0000000010004508       0x3a CMakeFiles/runnable.dir/home/geragm/pico/pico-sdk/src/rp2_common/hardware_irq/irq.c.obj
 *fill*         0x0000000010004542        0x2 
 .rodata.__func__.0
                0x0000000010004544       0x1a CMakeFiles/runnable.dir/home/geragm/pico/pico-sdk/src/rp2_common/hardware_irq/irq.c.obj
 *fill*         0x000000001000455e        0x2 
 .rodata.__func__.1
                0x0000000010004560       0x17 CMakeFiles/runnable.dir/home/geragm/pico/pico-sdk/src/rp2_common/hardware_irq/irq.c.obj
 *fill*         0x0000000010004577        0x1 
 .rodata.__func__.2
                0x0000000010004578       0x13 CMakeFiles/runnable.dir/home/geragm/pico/pico-sdk/src/rp2_common/hardware_irq/irq.c.obj
 *fill*         0x000000001000458b        0x1 
 .rodata.__func__.3
                0x000000001000458c        0xc CMakeFiles/runnable.dir/home/geragm/pico/pico-sdk/src/rp2_common/hardware_irq/irq.c.obj
 .rodata.__func__.4
                0x0000000010004598        0xf CMakeFiles/runnable.dir/home/geragm/pico/pico-sdk/src/rp2_common/hardware_irq/irq.c.obj
 *fill*         0x00000000100045a7        0x1 
 .rodata.__func__.5
                0x00000000100045a8       0x17 CMakeFiles/runnable.dir/home/geragm/pico/pico-sdk/src/rp2_common/hardware_irq/irq.c.obj
 *fill*         0x00000000100045bf        0x1 
 .rodata.__func__.6
                0x00000000100045c0       0x1a CMakeFiles/runnable.dir/home/geragm/pico/pico-sdk/src/rp2_common/hardware_irq/irq.c.obj
 *fill*         0x00000000100045da        0x2 
 .rodata.repeating_timer_callback.str1.4
                0x00000000100045dc       0x4b CMakeFiles/runnable.dir/home/geragm/pico/pico-sdk/src/common/pico_time/time.c.obj
 *fill*         0x0000000010004627        0x1 
 .rodata.alarm_pool_dump_key.str1.4
                0x0000000010004628       0x33 CMakeFiles/runnable.dir/home/geragm/pico/pico-sdk/src/common/pico_time/time.c.obj
 *fill*         0x000000001000465b        0x1 
 .rodata.ph_add_child_node.str1.4
                0x000000001000465c       0x96 CMakeFiles/runnable.dir/home/geragm/pico/pico-sdk/src/common/pico_time/time.c.obj
 *fill*         0x00000000100046f2        0x2 
 .rodata.add_alarm_under_lock.str1.4
                0x00000000100046f4       0x28 CMakeFiles/runnable.dir/home/geragm/pico/pico-sdk/src/common/pico_time/time.c.obj
                                         0x2b (size before relaxing)
 .rodata.alarm_pool_alarm_callback.str1.4
                0x000000001000471c       0xe6 CMakeFiles/runnable.dir/home/geragm/pico/pico-sdk/src/common/pico_time/time.c.obj
 *fill*         0x0000000010004802        0x2 
 .rodata.__func__.10
                0x0000000010004804       0x15 CMakeFiles/runnable.dir/home/geragm/pico/pico-sdk/src/common/pico_time/time.c.obj
 *fill*         0x0000000010004819        0x3 
 .rodata.__func__.11
                0x000000001000481c       0x1a CMakeFiles/runnable.dir/home/geragm/pico/pico-sdk/src/common/pico_time/time.c.obj
 *fill*         0x0000000010004836        0x2 
 .rodata.__func__.12
                0x0000000010004838        0xa CMakeFiles/runnable.dir/home/geragm/pico/pico-sdk/src/common/pico_time/time.c.obj
 *fill*         0x0000000010004842        0x2 
 .rodata.__func__.4
                0x0000000010004844       0x12 CMakeFiles/runnable.dir/home/geragm/pico/pico-sdk/src/common/pico_time/time.c.obj
 *fill*         0x0000000010004856        0x2 
 .rodata.__func__.5
                0x0000000010004858        0xd CMakeFiles/runnable.dir/home/geragm/pico/pico-sdk/src/common/pico_time/time.c.obj
 *fill*         0x0000000010004865        0x3 
 .rodata.__func__.6
                0x0000000010004868       0x12 CMakeFiles/runnable.dir/home/geragm/pico/pico-sdk/src/common/pico_time/time.c.obj
 *fill*         0x000000001000487a        0x2 
 .rodata.__func__.7
                0x000000001000487c        0xf CMakeFiles/runnable.dir/home/geragm/pico/pico-sdk/src/common/pico_time/time.c.obj
 *fill*         0x000000001000488b        0x1 
 .rodata.__func__.8
                0x000000001000488c        0xc CMakeFiles/runnable.dir/home/geragm/pico/pico-sdk/src/common/pico_time/time.c.obj
 .rodata.__func__.9
                0x0000000010004898       0x15 CMakeFiles/runnable.dir/home/geragm/pico/pico-sdk/src/common/pico_time/time.c.obj
 *fill*         0x00000000100048ad        0x3 
 .rodata.hardware_alarm_claim.str1.4
                0x00000000100048b0       0x22 CMakeFiles/runnable.dir/home/geragm/pico/pico-sdk/src/rp2_common/hardware_timer/timer.c.obj
 *fill*         0x00000000100048d2        0x2 
 .rodata.hardware_alarm_set_target.str1.4
                0x00000000100048d4       0x65 CMakeFiles/runnable.dir/home/geragm/pico/pico-sdk/src/rp2_common/hardware_timer/timer.c.obj
 *fill*         0x0000000010004939        0x3 
 .rodata.__func__.0
                0x000000001000493c       0x1a CMakeFiles/runnable.dir/home/geragm/pico/pico-sdk/src/rp2_common/hardware_timer/timer.c.obj
 .rodata.ph_add_child_node.str1.4
                0x0000000010004956       0x96 CMakeFiles/runnable.dir/home/geragm/pico/pico-sdk/src/common/pico_util/pheap.c.obj
 *fill*         0x0000000010004956        0x2 
 .rodata.ph_remove_any_head.str1.4
                0x0000000010004958       0x8c CMakeFiles/runnable.dir/home/geragm/pico/pico-sdk/src/common/pico_util/pheap.c.obj
 .rodata.ph_remove_and_free_node.str1.4
                0x00000000100049e4       0x1e CMakeFiles/runnable.dir/home/geragm/pico/pico-sdk/src/common/pico_util/pheap.c.obj
                                         0x26 (size before relaxing)
 *fill*         0x0000000010004a02        0x2 
 .rodata.__func__.0
                0x0000000010004a04       0x18 CMakeFiles/runnable.dir/home/geragm/pico/pico-sdk/src/common/pico_util/pheap.c.obj
 .rodata.__func__.1
                0x0000000010004a1c       0x13 CMakeFiles/runnable.dir/home/geragm/pico/pico-sdk/src/common/pico_util/pheap.c.obj
 *fill*         0x0000000010004a2f        0x1 
 .rodata.__func__.2
                0x0000000010004a30       0x12 CMakeFiles/runnable.dir/home/geragm/pico/pico-sdk/src/common/pico_util/pheap.c.obj
 *fill*         0x0000000010004a42        0x2 
 .rodata.__func__.3
                0x0000000010004a44        0xc CMakeFiles/runnable.dir/home/geragm/pico/pico-sdk/src/common/pico_util/pheap.c.obj
 .rodata.str1.4
                0x0000000010004a50       0x89 CMakeFiles/runnable.dir/home/geragm/pico/pico-sdk/src/common/pico_sync/mutex.c.obj
                                         0xed (size before relaxing)
 *fill*         0x0000000010004ad9        0x3 
 .rodata.__func__.1
                0x0000000010004adc        0xb CMakeFiles/runnable.dir/home/geragm/pico/pico-sdk/src/common/pico_sync/mutex.c.obj
 *fill*         0x0000000010004ae7        0x1 
 .rodata.__assert_func.str1.4
                0x0000000010004ae8       0x3f CMakeFiles/runnable.dir/home/geragm/pico/pico-sdk/src/rp2_common/pico_runtime/runtime.c.obj
                                         0x43 (size before relaxing)
 *fill*         0x0000000010004b27        0x1 
 .rodata.runtime_init.str1.4
                0x0000000010004b28       0x61 CMakeFiles/runnable.dir/home/geragm/pico/pico-sdk/src/rp2_common/pico_runtime/runtime.c.obj
 *fill*         0x0000000010004b89        0x3 
 .rodata.panic.str1.4
                0x0000000010004b8c       0x12 CMakeFiles/runnable.dir/home/geragm/pico/pico-sdk/src/rp2_common/pico_runtime/runtime.c.obj
 *fill*         0x0000000010004b9e        0x2 
 .rodata.__func__.1
                0x0000000010004ba0        0xd CMakeFiles/runnable.dir/home/geragm/pico/pico-sdk/src/rp2_common/pico_runtime/runtime.c.obj
 *fill*         0x0000000010004bad        0x3 
 .rodata.clock_configure.str1.4
                0x0000000010004bb0       0x57 CMakeFiles/runnable.dir/home/geragm/pico/pico-sdk/src/rp2_common/hardware_clocks/clocks.c.obj
 *fill*         0x0000000010004c07        0x1 
 .rodata.__func__.1
                0x0000000010004c08       0x10 CMakeFiles/runnable.dir/home/geragm/pico/pico-sdk/src/rp2_common/hardware_clocks/clocks.c.obj
 .rodata.pll_init.str1.4
                0x0000000010004c18      0x13b CMakeFiles/runnable.dir/home/geragm/pico/pico-sdk/src/rp2_common/hardware_pll/pll.c.obj
 *fill*         0x0000000010004d53        0x1 
 .rodata.__func__.0
                0x0000000010004d54        0x9 CMakeFiles/runnable.dir/home/geragm/pico/pico-sdk/src/rp2_common/hardware_pll/pll.c.obj
 *fill*         0x0000000010004d5d        0x3 
 .rodata._ftoa.str1.4
                0x0000000010004d60       0x15 CMakeFiles/runnable.dir/home/geragm/pico/pico-sdk/src/rp2_common/pico_printf/printf.c.obj
 *fill*         0x0000000010004d75        0x3 
 .rodata._vsnprintf
                0x0000000010004d78      0x1e0 CMakeFiles/runnable.dir/home/geragm/pico/pico-sdk/src/rp2_common/pico_printf/printf.c.obj
 .rodata.pow10.0
                0x0000000010004f58       0x50 CMakeFiles/runnable.dir/home/geragm/pico/pico-sdk/src/rp2_common/pico_printf/printf.c.obj
 .rodata.__aeabi_double_init.str1.4
                0x0000000010004fa8       0xa8 CMakeFiles/runnable.dir/home/geragm/pico/pico-sdk/src/rp2_common/pico_double/double_init_rom.c.obj
 .rodata.__func__.0
                0x0000000010005050       0x14 CMakeFiles/runnable.dir/home/geragm/pico/pico-sdk/src/rp2_common/pico_double/double_init_rom.c.obj
 .rodata.__aeabi_float_init.str1.4
                0x0000000010005064       0x7a CMakeFiles/runnable.dir/home/geragm/pico/pico-sdk/src/rp2_common/pico_float/float_init_rom.c.obj
                                         0x7e (size before relaxing)
 *fill*         0x00000000100050de        0x2 
 .rodata.__func__.0
                0x00000000100050e0       0x13 CMakeFiles/runnable.dir/home/geragm/pico/pico-sdk/src/rp2_common/pico_float/float_init_rom.c.obj
 *fill*         0x00000000100050f3        0x1 
 .rodata.str1.4
                0x00000000100050f4       0x40 CMakeFiles/runnable.dir/home/geragm/pico/pico-sdk/src/rp2_common/pico_standard_link/binary_info.c.obj
 .rodata.__bi_44
                0x0000000010005134        0xc CMakeFiles/runnable.dir/home/geragm/pico/pico-sdk/src/rp2_common/pico_standard_link/binary_info.c.obj
 .rodata.__bi_75
                0x0000000010005140        0xc CMakeFiles/runnable.dir/home/geragm/pico/pico-sdk/src/rp2_common/pico_standard_link/binary_info.c.obj
 .rodata.__bi_81
                0x000000001000514c        0xc CMakeFiles/runnable.dir/home/geragm/pico/pico-sdk/src/rp2_common/pico_standard_link/binary_info.c.obj
 .rodata.crlf_str.3
                0x0000000010005158        0x2 CMakeFiles/runnable.dir/home/geragm/pico/pico-sdk/src/rp2_common/pico_stdio/stdio.c.obj
                0x000000001000515c                . = ALIGN (0x4)
 *fill*         0x000000001000515a        0x2 
 *(SORT_BY_ALIGNMENT(SORT_BY_NAME(.flashdata*)))
                0x000000001000515c                . = ALIGN (0x4)

.rel.dyn        0x000000001000515c        0x0
 .rel.iplt      0x000000001000515c        0x0 /usr/lib/gcc/arm-none-eabi/10.3.1/thumb/v6-m/nofp/crtbegin.o

.ARM.extab
 *(.ARM.extab* .gnu.linkonce.armextab.*)
                0x000000001000515c                __exidx_start = .

.ARM.exidx
 *(.ARM.exidx* .gnu.linkonce.armexidx.*)
                0x000000001000515c                __exidx_end = .
                0x000000001000515c                . = ALIGN (0x4)
                0x000000001000515c                __binary_info_start = .

.binary_info    0x000000001000515c       0x1c
 *(.binary_info.keep.*)
 .binary_info.keep.__bi_ptr22
                0x000000001000515c        0x4 CMakeFiles/runnable.dir/home/geragm/pico/pico-sdk/src/rp2_common/pico_standard_link/binary_info.c.obj
 .binary_info.keep.__bi_ptr30
                0x0000000010005160        0x4 CMakeFiles/runnable.dir/home/geragm/pico/pico-sdk/src/rp2_common/pico_standard_link/binary_info.c.obj
 .binary_info.keep.__bi_ptr38
                0x0000000010005164        0x4 CMakeFiles/runnable.dir/home/geragm/pico/pico-sdk/src/rp2_common/pico_standard_link/binary_info.c.obj
 .binary_info.keep.__bi_ptr44
                0x0000000010005168        0x4 CMakeFiles/runnable.dir/home/geragm/pico/pico-sdk/src/rp2_common/pico_standard_link/binary_info.c.obj
 .binary_info.keep.__bi_ptr50
                0x000000001000516c        0x4 CMakeFiles/runnable.dir/home/geragm/pico/pico-sdk/src/rp2_common/pico_standard_link/binary_info.c.obj
 .binary_info.keep.__bi_ptr75
                0x0000000010005170        0x4 CMakeFiles/runnable.dir/home/geragm/pico/pico-sdk/src/rp2_common/pico_standard_link/binary_info.c.obj
 .binary_info.keep.__bi_ptr81
                0x0000000010005174        0x4 CMakeFiles/runnable.dir/home/geragm/pico/pico-sdk/src/rp2_common/pico_standard_link/binary_info.c.obj
 *(.binary_info.*)
                0x0000000010005178                __binary_info_end = .
                0x0000000010005178                . = ALIGN (0x4)
                0x0000000010005178                __etext = .

.ram_vector_table
                0x0000000020000000       0xc0
 *(.ram_vector_table)
 .ram_vector_table
                0x0000000020000000       0xc0 CMakeFiles/runnable.dir/home/geragm/pico/pico-sdk/src/rp2_common/pico_runtime/runtime.c.obj
                0x0000000020000000                ram_vector_table

.data           0x00000000200000c0      0x1b0 load address 0x0000000010005178
                0x00000000200000c0                __data_start__ = .
 *(vtable)
 *(.time_critical*)
 .time_critical.mutex_enter_blocking
                0x00000000200000c0       0x48 CMakeFiles/runnable.dir/home/geragm/pico/pico-sdk/src/common/pico_sync/mutex.c.obj
                0x00000000200000c0                mutex_enter_blocking
 .time_critical.mutex_try_enter
                0x0000000020000108       0x46 CMakeFiles/runnable.dir/home/geragm/pico/pico-sdk/src/common/pico_sync/mutex.c.obj
                0x0000000020000108                mutex_try_enter
 *fill*         0x000000002000014e        0x2 
 .time_critical.mutex_exit
                0x0000000020000150       0x4c CMakeFiles/runnable.dir/home/geragm/pico/pico-sdk/src/common/pico_sync/mutex.c.obj
                0x0000000020000150                mutex_exit
 *(.text*)
 .text          0x000000002000019c        0x4 /usr/lib/gcc/arm-none-eabi/10.3.1/thumb/v6-m/nofp/libgcc.a(_dvmd_tls.o)
                0x000000002000019c                __aeabi_ldiv0
                0x000000002000019c                __aeabi_idiv0
 .text.__stub   0x00000000200001a0       0x10 linker stubs
                0x00000000200001b0                . = ALIGN (0x4)
 *(.rodata*)
                0x00000000200001b0                . = ALIGN (0x4)
 *(.data*)
 .data.striped_spin_lock_num
                0x00000000200001b0        0x1 CMakeFiles/runnable.dir/home/geragm/pico/pico-sdk/src/rp2_common/hardware_sync/sync.c.obj
 *fill*         0x00000000200001b1        0x3 
 .data          0x00000000200001b4       0x48 CMakeFiles/runnable.dir/home/geragm/pico/pico-sdk/src/rp2_common/hardware_irq/irq_handler_chain.S.obj
                0x00000000200001b4                irq_handler_chain_slots
                0x00000000200001e4                irq_handler_chain_first_slot
                0x00000000200001ee                irq_handler_chain_remove_tail
 .data.default_alarm_pool
                0x00000000200001fc       0x18 CMakeFiles/runnable.dir/home/geragm/pico/pico-sdk/src/common/pico_time/time.c.obj
 .data.default_alarm_pool_heap
                0x0000000020000214       0x10 CMakeFiles/runnable.dir/home/geragm/pico/pico-sdk/src/common/pico_time/time.c.obj
 *fill*         0x0000000020000224        0xc 
 .data.aeabi_bits_funcs
                0x0000000020000230       0x10 CMakeFiles/runnable.dir/home/geragm/pico/pico-sdk/src/rp2_common/pico_bit_ops/bit_ops_aeabi.S.obj
                0x0000000020000230                aeabi_bits_funcs
                0x0000000020000240                aeabi_bits_funcs_end
 .data.aeabi_mem_funcs
                0x0000000020000240       0x10 CMakeFiles/runnable.dir/home/geragm/pico/pico-sdk/src/rp2_common/pico_mem_ops/mem_ops_aeabi.S.obj
                0x0000000020000240                aeabi_mem_funcs
                0x0000000020000250                aeabi_mem_funcs_end
                0x0000000020000250                . = ALIGN (0x4)
 *(.after_data.*)
                0x0000000020000250                . = ALIGN (0x4)
                0x0000000020000250                PROVIDE (__mutex_array_start = .)
 *(SORT_BY_NAME(.mutex_array.*))
 *(.mutex_array)
 .mutex_array   0x0000000020000250        0x8 CMakeFiles/runnable.dir/home/geragm/pico/pico-sdk/src/rp2_common/pico_stdio/stdio.c.obj
                0x0000000020000258                PROVIDE (__mutex_array_end = .)
                0x0000000020000258                . = ALIGN (0x4)
                0x0000000020000258                PROVIDE (__preinit_array_start = .)
 *(SORT_BY_NAME(.preinit_array.*))
 .preinit_array.00001
                0x0000000020000258        0x4 CMakeFiles/runnable.dir/home/geragm/pico/pico-sdk/src/rp2_common/pico_mem_ops/mem_ops_aeabi.S.obj
 .preinit_array.00010
                0x000000002000025c        0x4 CMakeFiles/runnable.dir/home/geragm/pico/pico-sdk/src/rp2_common/pico_bit_ops/bit_ops_aeabi.S.obj
 .preinit_array.00020
                0x0000000020000260        0x4 CMakeFiles/runnable.dir/home/geragm/pico/pico-sdk/src/rp2_common/pico_double/double_aeabi.S.obj
 .preinit_array.00020
                0x0000000020000264        0x4 CMakeFiles/runnable.dir/home/geragm/pico/pico-sdk/src/rp2_common/pico_float/float_aeabi.S.obj
 *(.preinit_array)
                0x0000000020000268                PROVIDE (__preinit_array_end = .)
                0x0000000020000268                . = ALIGN (0x4)
                0x0000000020000268                PROVIDE (__init_array_start = .)
 *(SORT_BY_NAME(.init_array.*))
 *(.init_array)
 .init_array    0x0000000020000268        0x4 /usr/lib/gcc/arm-none-eabi/10.3.1/thumb/v6-m/nofp/crtbegin.o
 .init_array    0x000000002000026c        0x4 CMakeFiles/runnable.dir/main.cpp.obj
                0x0000000020000270                PROVIDE (__init_array_end = .)
                0x0000000020000270                . = ALIGN (0x4)
                0x0000000020000270                PROVIDE (__fini_array_start = .)
 *(SORT_BY_NAME(.fini_array.*))
 *(.fini_array)
                0x0000000020000270                PROVIDE (__fini_array_end = .)
 *(.jcr)
                0x0000000020000270                . = ALIGN (0x4)
                0x0000000020000270                __data_end__ = .

.tm_clone_table
                0x0000000020000270        0x0 load address 0x0000000010005328
 .tm_clone_table
                0x0000000020000270        0x0 /usr/lib/gcc/arm-none-eabi/10.3.1/thumb/v6-m/nofp/crtbegin.o
 .tm_clone_table
                0x0000000020000270        0x0 /usr/lib/gcc/arm-none-eabi/10.3.1/thumb/v6-m/nofp/crtend.o

.igot.plt       0x0000000020000270        0x0 load address 0x0000000010005328
 .igot.plt      0x0000000020000270        0x0 /usr/lib/gcc/arm-none-eabi/10.3.1/thumb/v6-m/nofp/crtbegin.o

.uninitialized_data
                0x0000000020000270        0x0 load address 0x0000000010005328
                0x0000000020000270                . = ALIGN (0x4)
 *(.uninitialized_data*)

.scratch_x      0x0000000020040000        0x0 load address 0x0000000010005328
                0x0000000020040000                __scratch_x_start__ = .
 *(.scratch_x.*)
                0x0000000020040000                . = ALIGN (0x4)
                0x0000000020040000                __scratch_x_end__ = .
                0x0000000010005328                __scratch_x_source__ = LOADADDR (.scratch_x)

.scratch_y      0x0000000020041000        0x0 load address 0x0000000010005328
                0x0000000020041000                __scratch_y_start__ = .
 *(.scratch_y.*)
                0x0000000020041000                . = ALIGN (0x4)
                0x0000000020041000                __scratch_y_end__ = .
                0x0000000010005328                __scratch_y_source__ = LOADADDR (.scratch_y)

.bss            0x0000000020000270      0x408
                0x0000000020000270                . = ALIGN (0x4)
                0x0000000020000270                __bss_start__ = .
 *(SORT_BY_ALIGNMENT(SORT_BY_NAME(.bss*)))
 .bss.default_alarm_pool_entries
                0x0000000020000270      0x100 CMakeFiles/runnable.dir/home/geragm/pico/pico-sdk/src/common/pico_time/time.c.obj
 .bss           0x0000000020000370       0x1c /usr/lib/gcc/arm-none-eabi/10.3.1/thumb/v6-m/nofp/crtbegin.o
 .bss.EncoderB_status
                0x000000002000038c        0x4 CMakeFiles/runnable.dir/Motors/motors_control.cpp.obj
                0x000000002000038c                EncoderB_status
 .bss.Motor     0x0000000020000390       0x21 CMakeFiles/runnable.dir/main.cpp.obj
                0x0000000020000390                Motor
 *fill*         0x00000000200003b1        0x3 
 .bss.PPS       0x00000000200003b4        0x8 CMakeFiles/runnable.dir/Motors/motors_control.cpp.obj
                0x00000000200003b4                PPS
 .bss.alarm_callbacks
                0x00000000200003bc       0x10 CMakeFiles/runnable.dir/home/geragm/pico/pico-sdk/src/rp2_common/hardware_timer/timer.c.obj
 .bss.callbacks
                0x00000000200003cc        0x8 CMakeFiles/runnable.dir/home/geragm/pico/pico-sdk/src/rp2_common/hardware_gpio/gpio.c.obj
 .bss.configured_freq
                0x00000000200003d4       0x28 CMakeFiles/runnable.dir/home/geragm/pico/pico-sdk/src/rp2_common/hardware_clocks/clocks.c.obj
 .bss.default_alarm_pool_entry_ids_high
                0x00000000200003fc       0x10 CMakeFiles/runnable.dir/home/geragm/pico/pico-sdk/src/common/pico_time/time.c.obj
 .bss.default_alarm_pool_heap_nodes
                0x000000002000040c       0x30 CMakeFiles/runnable.dir/home/geragm/pico/pico-sdk/src/common/pico_time/time.c.obj
 .bss.drivers   0x000000002000043c        0x4 CMakeFiles/runnable.dir/home/geragm/pico/pico-sdk/src/rp2_common/pico_stdio/stdio.c.obj
 .bss.filter    0x0000000020000440        0x4 CMakeFiles/runnable.dir/home/geragm/pico/pico-sdk/src/rp2_common/pico_stdio/stdio.c.obj
 .bss.pools     0x0000000020000444       0x10 CMakeFiles/runnable.dir/home/geragm/pico/pico-sdk/src/common/pico_time/time.c.obj
 .bss.raw_irq_mask
                0x0000000020000454        0x8 CMakeFiles/runnable.dir/home/geragm/pico/pico-sdk/src/rp2_common/hardware_gpio/gpio.c.obj
 .bss.sd_table  0x000000002000045c      0x100 CMakeFiles/runnable.dir/home/geragm/pico/pico-sdk/src/rp2_common/pico_double/double_init_rom.c.obj
                0x000000002000045c                sd_table
 .bss.sf_clz_func
                0x000000002000055c        0x4 CMakeFiles/runnable.dir/home/geragm/pico/pico-sdk/src/rp2_common/pico_double/double_init_rom.c.obj
                0x000000002000055c                sf_clz_func
 .bss.sf_table  0x0000000020000560      0x100 CMakeFiles/runnable.dir/home/geragm/pico/pico-sdk/src/rp2_common/pico_float/float_init_rom.c.obj
                0x0000000020000560                sf_table
 .bss.sleep_notifier
                0x0000000020000660        0x4 CMakeFiles/runnable.dir/home/geragm/pico/pico-sdk/src/common/pico_time/time.c.obj
 .bss.target_hi
                0x0000000020000664       0x10 CMakeFiles/runnable.dir/home/geragm/pico/pico-sdk/src/rp2_common/hardware_timer/timer.c.obj
 .bss.claimed   0x0000000020000674        0x1 CMakeFiles/runnable.dir/home/geragm/pico/pico-sdk/src/rp2_common/hardware_timer/timer.c.obj
 .bss.irq_hander_chain_free_slot_head
                0x0000000020000675        0x1 CMakeFiles/runnable.dir/home/geragm/pico/pico-sdk/src/rp2_common/hardware_irq/irq.c.obj
 .bss.timer_callbacks_pending
                0x0000000020000676        0x1 CMakeFiles/runnable.dir/home/geragm/pico/pico-sdk/src/rp2_common/hardware_timer/timer.c.obj
 *(COMMON)
                0x0000000020000678                . = ALIGN (0x4)
 *fill*         0x0000000020000677        0x1 
                0x0000000020000678                __bss_end__ = .

.heap           0x0000000020000678      0x800
                0x0000000020000678                __end__ = .
                0x0000000020000678                end = __end__
 *(.heap*)
 .heap          0x0000000020000678      0x800 CMakeFiles/runnable.dir/home/geragm/pico/pico-sdk/src/rp2_common/pico_standard_link/crt0.S.obj
                0x0000000020000e78                __HeapLimit = .

.stack1_dummy   0x0000000020040000        0x0
 *(.stack1*)

.stack_dummy    0x0000000020041000      0x800
 *(.stack*)
 .stack         0x0000000020041000      0x800 CMakeFiles/runnable.dir/home/geragm/pico/pico-sdk/src/rp2_common/pico_standard_link/crt0.S.obj

.flash_end      0x0000000010005328        0x0
                0x0000000010005328                __flash_binary_end = .
                0x0000000020040000                __StackLimit = (ORIGIN (RAM) + LENGTH (RAM))
                0x0000000020041000                __StackOneTop = (ORIGIN (SCRATCH_X) + LENGTH (SCRATCH_X))
                0x0000000020042000                __StackTop = (ORIGIN (SCRATCH_Y) + LENGTH (SCRATCH_Y))
                0x0000000020041000                __StackOneBottom = (__StackOneTop - SIZEOF (.stack1_dummy))
                0x0000000020041800                __StackBottom = (__StackTop - SIZEOF (.stack_dummy))
                0x0000000020042000                PROVIDE (__stack = __StackTop)
                0x0000000000000001                ASSERT ((__StackLimit >= __HeapLimit), region RAM overflowed)
                0x0000000000000001                ASSERT (((__binary_info_header_end - __logical_binary_start) <= 0x100), Binary info must be in first 256 bytes of the binary)
LOAD CMakeFiles/runnable.dir/main.cpp.obj
LOAD CMakeFiles/runnable.dir/Motors/motors_control.cpp.obj
LOAD CMakeFiles/runnable.dir/home/geragm/pico/pico-sdk/src/rp2_common/pico_stdlib/stdlib.c.obj
LOAD CMakeFiles/runnable.dir/home/geragm/pico/pico-sdk/src/rp2_common/hardware_gpio/gpio.c.obj
LOAD CMakeFiles/runnable.dir/home/geragm/pico/pico-sdk/src/rp2_common/hardware_claim/claim.c.obj
LOAD CMakeFiles/runnable.dir/home/geragm/pico/pico-sdk/src/rp2_common/pico_platform/platform.c.obj
LOAD CMakeFiles/runnable.dir/home/geragm/pico/pico-sdk/src/rp2_common/hardware_sync/sync.c.obj
LOAD CMakeFiles/runnable.dir/home/geragm/pico/pico-sdk/src/rp2_common/hardware_irq/irq.c.obj
LOAD CMakeFiles/runnable.dir/home/geragm/pico/pico-sdk/src/rp2_common/hardware_irq/irq_handler_chain.S.obj
LOAD CMakeFiles/runnable.dir/home/geragm/pico/pico-sdk/src/common/pico_sync/sem.c.obj
LOAD CMakeFiles/runnable.dir/home/geragm/pico/pico-sdk/src/common/pico_sync/lock_core.c.obj
LOAD CMakeFiles/runnable.dir/home/geragm/pico/pico-sdk/src/common/pico_time/time.c.obj
LOAD CMakeFiles/runnable.dir/home/geragm/pico/pico-sdk/src/common/pico_time/timeout_helper.c.obj
LOAD CMakeFiles/runnable.dir/home/geragm/pico/pico-sdk/src/rp2_common/hardware_timer/timer.c.obj
LOAD CMakeFiles/runnable.dir/home/geragm/pico/pico-sdk/src/common/pico_util/datetime.c.obj
LOAD CMakeFiles/runnable.dir/home/geragm/pico/pico-sdk/src/common/pico_util/pheap.c.obj
LOAD CMakeFiles/runnable.dir/home/geragm/pico/pico-sdk/src/common/pico_util/queue.c.obj
LOAD CMakeFiles/runnable.dir/home/geragm/pico/pico-sdk/src/common/pico_sync/mutex.c.obj
LOAD CMakeFiles/runnable.dir/home/geragm/pico/pico-sdk/src/common/pico_sync/critical_section.c.obj
LOAD CMakeFiles/runnable.dir/home/geragm/pico/pico-sdk/src/rp2_common/hardware_uart/uart.c.obj
LOAD CMakeFiles/runnable.dir/home/geragm/pico/pico-sdk/src/rp2_common/hardware_divider/divider.S.obj
LOAD CMakeFiles/runnable.dir/home/geragm/pico/pico-sdk/src/rp2_common/pico_runtime/runtime.c.obj
LOAD CMakeFiles/runnable.dir/home/geragm/pico/pico-sdk/src/rp2_common/hardware_clocks/clocks.c.obj
LOAD CMakeFiles/runnable.dir/home/geragm/pico/pico-sdk/src/rp2_common/hardware_pll/pll.c.obj
LOAD CMakeFiles/runnable.dir/home/geragm/pico/pico-sdk/src/rp2_common/hardware_vreg/vreg.c.obj
LOAD CMakeFiles/runnable.dir/home/geragm/pico/pico-sdk/src/rp2_common/hardware_watchdog/watchdog.c.obj
LOAD CMakeFiles/runnable.dir/home/geragm/pico/pico-sdk/src/rp2_common/hardware_xosc/xosc.c.obj
LOAD CMakeFiles/runnable.dir/home/geragm/pico/pico-sdk/src/rp2_common/pico_printf/printf.c.obj
LOAD CMakeFiles/runnable.dir/home/geragm/pico/pico-sdk/src/rp2_common/pico_bit_ops/bit_ops_aeabi.S.obj
LOAD CMakeFiles/runnable.dir/home/geragm/pico/pico-sdk/src/rp2_common/pico_bootrom/bootrom.c.obj
LOAD CMakeFiles/runnable.dir/home/geragm/pico/pico-sdk/src/rp2_common/pico_divider/divider.S.obj
LOAD CMakeFiles/runnable.dir/home/geragm/pico/pico-sdk/src/rp2_common/pico_double/double_aeabi.S.obj
LOAD CMakeFiles/runnable.dir/home/geragm/pico/pico-sdk/src/rp2_common/pico_double/double_init_rom.c.obj
LOAD CMakeFiles/runnable.dir/home/geragm/pico/pico-sdk/src/rp2_common/pico_double/double_math.c.obj
LOAD CMakeFiles/runnable.dir/home/geragm/pico/pico-sdk/src/rp2_common/pico_double/double_v1_rom_shim.S.obj
LOAD CMakeFiles/runnable.dir/home/geragm/pico/pico-sdk/src/rp2_common/pico_int64_ops/pico_int64_ops_aeabi.S.obj
LOAD CMakeFiles/runnable.dir/home/geragm/pico/pico-sdk/src/rp2_common/pico_float/float_aeabi.S.obj
LOAD CMakeFiles/runnable.dir/home/geragm/pico/pico-sdk/src/rp2_common/pico_float/float_init_rom.c.obj
LOAD CMakeFiles/runnable.dir/home/geragm/pico/pico-sdk/src/rp2_common/pico_float/float_math.c.obj
LOAD CMakeFiles/runnable.dir/home/geragm/pico/pico-sdk/src/rp2_common/pico_float/float_v1_rom_shim.S.obj
LOAD CMakeFiles/runnable.dir/home/geragm/pico/pico-sdk/src/rp2_common/pico_malloc/pico_malloc.c.obj
LOAD CMakeFiles/runnable.dir/home/geragm/pico/pico-sdk/src/rp2_common/pico_mem_ops/mem_ops_aeabi.S.obj
LOAD CMakeFiles/runnable.dir/home/geragm/pico/pico-sdk/src/rp2_common/pico_standard_link/crt0.S.obj
LOAD CMakeFiles/runnable.dir/home/geragm/pico/pico-sdk/src/rp2_common/pico_standard_link/new_delete.cpp.obj
LOAD CMakeFiles/runnable.dir/home/geragm/pico/pico-sdk/src/rp2_common/pico_standard_link/binary_info.c.obj
LOAD CMakeFiles/runnable.dir/home/geragm/pico/pico-sdk/src/rp2_common/pico_stdio/stdio.c.obj
LOAD CMakeFiles/runnable.dir/home/geragm/pico/pico-sdk/src/rp2_common/pico_stdio_uart/stdio_uart.c.obj
LOAD /tmp/cc7L3YFM.o
LOAD /usr/lib/gcc/arm-none-eabi/10.3.1/../../../arm-none-eabi/lib/thumb/v6-m/nofp/libstdc++.a
LOAD /usr/lib/gcc/arm-none-eabi/10.3.1/../../../arm-none-eabi/lib/thumb/v6-m/nofp/libm.a
START GROUP
LOAD /usr/lib/gcc/arm-none-eabi/10.3.1/thumb/v6-m/nofp/libgcc.a
LOAD /usr/lib/gcc/arm-none-eabi/10.3.1/../../../arm-none-eabi/lib/thumb/v6-m/nofp/libg.a
LOAD /usr/lib/gcc/arm-none-eabi/10.3.1/../../../arm-none-eabi/lib/thumb/v6-m/nofp/libc.a
END GROUP
START GROUP
LOAD /usr/lib/gcc/arm-none-eabi/10.3.1/thumb/v6-m/nofp/libgcc.a
LOAD /usr/lib/gcc/arm-none-eabi/10.3.1/../../../arm-none-eabi/lib/thumb/v6-m/nofp/libc.a
LOAD /usr/lib/gcc/arm-none-eabi/10.3.1/../../../arm-none-eabi/lib/thumb/v6-m/nofp/libnosys.a
END GROUP
LOAD /usr/lib/gcc/arm-none-eabi/10.3.1/thumb/v6-m/nofp/crtend.o
LOAD /usr/lib/gcc/arm-none-eabi/10.3.1/thumb/v6-m/nofp/crtn.o
OUTPUT(runnable.elf elf32-littlearm)
LOAD linker stubs

.ARM.attributes
                0x0000000000000000       0x28
 .ARM.attributes
                0x0000000000000000       0x1e /usr/lib/gcc/arm-none-eabi/10.3.1/thumb/v6-m/nofp/crti.o
 .ARM.attributes
                0x000000000000001e       0x2c /usr/lib/gcc/arm-none-eabi/10.3.1/thumb/v6-m/nofp/crtbegin.o
 .ARM.attributes
                0x000000000000004a       0x2c CMakeFiles/runnable.dir/main.cpp.obj
 .ARM.attributes
                0x0000000000000076       0x2c CMakeFiles/runnable.dir/Motors/motors_control.cpp.obj
 .ARM.attributes
                0x00000000000000a2       0x2c CMakeFiles/runnable.dir/home/geragm/pico/pico-sdk/src/rp2_common/hardware_gpio/gpio.c.obj
 .ARM.attributes
                0x00000000000000ce       0x2c CMakeFiles/runnable.dir/home/geragm/pico/pico-sdk/src/rp2_common/hardware_claim/claim.c.obj
 .ARM.attributes
                0x00000000000000fa       0x2c CMakeFiles/runnable.dir/home/geragm/pico/pico-sdk/src/rp2_common/pico_platform/platform.c.obj
 .ARM.attributes
                0x0000000000000126       0x2c CMakeFiles/runnable.dir/home/geragm/pico/pico-sdk/src/rp2_common/hardware_sync/sync.c.obj
 .ARM.attributes
                0x0000000000000152       0x2c CMakeFiles/runnable.dir/home/geragm/pico/pico-sdk/src/rp2_common/hardware_irq/irq.c.obj
 .ARM.attributes
                0x000000000000017e       0x22 CMakeFiles/runnable.dir/home/geragm/pico/pico-sdk/src/rp2_common/hardware_irq/irq_handler_chain.S.obj
 .ARM.attributes
                0x00000000000001a0       0x2c CMakeFiles/runnable.dir/home/geragm/pico/pico-sdk/src/common/pico_sync/lock_core.c.obj
 .ARM.attributes
                0x00000000000001cc       0x2c CMakeFiles/runnable.dir/home/geragm/pico/pico-sdk/src/common/pico_time/time.c.obj
 .ARM.attributes
                0x00000000000001f8       0x2c CMakeFiles/runnable.dir/home/geragm/pico/pico-sdk/src/rp2_common/hardware_timer/timer.c.obj
 .ARM.attributes
                0x0000000000000224       0x2c CMakeFiles/runnable.dir/home/geragm/pico/pico-sdk/src/common/pico_util/pheap.c.obj
 .ARM.attributes
                0x0000000000000250       0x2c CMakeFiles/runnable.dir/home/geragm/pico/pico-sdk/src/common/pico_sync/mutex.c.obj
 .ARM.attributes
                0x000000000000027c       0x2c CMakeFiles/runnable.dir/home/geragm/pico/pico-sdk/src/rp2_common/pico_runtime/runtime.c.obj
 .ARM.attributes
                0x00000000000002a8       0x2c CMakeFiles/runnable.dir/home/geragm/pico/pico-sdk/src/rp2_common/hardware_clocks/clocks.c.obj
 .ARM.attributes
                0x00000000000002d4       0x2c CMakeFiles/runnable.dir/home/geragm/pico/pico-sdk/src/rp2_common/hardware_pll/pll.c.obj
 .ARM.attributes
                0x0000000000000300       0x2c CMakeFiles/runnable.dir/home/geragm/pico/pico-sdk/src/rp2_common/hardware_watchdog/watchdog.c.obj
 .ARM.attributes
                0x000000000000032c       0x2c CMakeFiles/runnable.dir/home/geragm/pico/pico-sdk/src/rp2_common/hardware_xosc/xosc.c.obj
 .ARM.attributes
                0x0000000000000358       0x2c CMakeFiles/runnable.dir/home/geragm/pico/pico-sdk/src/rp2_common/pico_printf/printf.c.obj
 .ARM.attributes
                0x0000000000000384       0x22 CMakeFiles/runnable.dir/home/geragm/pico/pico-sdk/src/rp2_common/pico_bit_ops/bit_ops_aeabi.S.obj
 .ARM.attributes
                0x00000000000003a6       0x2c CMakeFiles/runnable.dir/home/geragm/pico/pico-sdk/src/rp2_common/pico_bootrom/bootrom.c.obj
 .ARM.attributes
                0x00000000000003d2       0x22 CMakeFiles/runnable.dir/home/geragm/pico/pico-sdk/src/rp2_common/pico_divider/divider.S.obj
 .ARM.attributes
                0x00000000000003f4       0x22 CMakeFiles/runnable.dir/home/geragm/pico/pico-sdk/src/rp2_common/pico_double/double_aeabi.S.obj
 .ARM.attributes
                0x0000000000000416       0x2c CMakeFiles/runnable.dir/home/geragm/pico/pico-sdk/src/rp2_common/pico_double/double_init_rom.c.obj
 .ARM.attributes
                0x0000000000000442       0x22 CMakeFiles/runnable.dir/home/geragm/pico/pico-sdk/src/rp2_common/pico_double/double_v1_rom_shim.S.obj
 .ARM.attributes
                0x0000000000000464       0x22 CMakeFiles/runnable.dir/home/geragm/pico/pico-sdk/src/rp2_common/pico_float/float_aeabi.S.obj
 .ARM.attributes
                0x0000000000000486       0x2c CMakeFiles/runnable.dir/home/geragm/pico/pico-sdk/src/rp2_common/pico_float/float_init_rom.c.obj
 .ARM.attributes
                0x00000000000004b2       0x22 CMakeFiles/runnable.dir/home/geragm/pico/pico-sdk/src/rp2_common/pico_float/float_v1_rom_shim.S.obj
 .ARM.attributes
                0x00000000000004d4       0x22 CMakeFiles/runnable.dir/home/geragm/pico/pico-sdk/src/rp2_common/pico_mem_ops/mem_ops_aeabi.S.obj
 .ARM.attributes
                0x00000000000004f6       0x22 CMakeFiles/runnable.dir/home/geragm/pico/pico-sdk/src/rp2_common/pico_standard_link/crt0.S.obj
 .ARM.attributes
                0x0000000000000518       0x32 CMakeFiles/runnable.dir/home/geragm/pico/pico-sdk/src/rp2_common/pico_standard_link/binary_info.c.obj
 .ARM.attributes
                0x000000000000054a       0x2c CMakeFiles/runnable.dir/home/geragm/pico/pico-sdk/src/rp2_common/pico_stdio/stdio.c.obj
 .ARM.attributes
                0x0000000000000576       0x22 /tmp/cc7L3YFM.o
 .ARM.attributes
                0x0000000000000598       0x1e /usr/lib/gcc/arm-none-eabi/10.3.1/thumb/v6-m/nofp/libgcc.a(_dvmd_tls.o)
 .ARM.attributes
                0x00000000000005b6       0x2c /usr/lib/gcc/arm-none-eabi/10.3.1/../../../arm-none-eabi/lib/thumb/v6-m/nofp/libg.a(lib_a-strlen-stub.o)
 .ARM.attributes
                0x00000000000005e2       0x2c /usr/lib/gcc/arm-none-eabi/10.3.1/thumb/v6-m/nofp/crtend.o

.comment        0x0000000000000000       0x33
 .comment       0x0000000000000000       0x33 /usr/lib/gcc/arm-none-eabi/10.3.1/thumb/v6-m/nofp/crtbegin.o
                                         0x34 (size before relaxing)
 .comment       0x0000000000000033       0x34 CMakeFiles/runnable.dir/main.cpp.obj
 .comment       0x0000000000000033       0x34 CMakeFiles/runnable.dir/Motors/motors_control.cpp.obj
 .comment       0x0000000000000033       0x34 CMakeFiles/runnable.dir/home/geragm/pico/pico-sdk/src/rp2_common/hardware_gpio/gpio.c.obj
 .comment       0x0000000000000033       0x34 CMakeFiles/runnable.dir/home/geragm/pico/pico-sdk/src/rp2_common/hardware_claim/claim.c.obj
 .comment       0x0000000000000033       0x34 CMakeFiles/runnable.dir/home/geragm/pico/pico-sdk/src/rp2_common/pico_platform/platform.c.obj
 .comment       0x0000000000000033       0x34 CMakeFiles/runnable.dir/home/geragm/pico/pico-sdk/src/rp2_common/hardware_sync/sync.c.obj
 .comment       0x0000000000000033       0x34 CMakeFiles/runnable.dir/home/geragm/pico/pico-sdk/src/rp2_common/hardware_irq/irq.c.obj
 .comment       0x0000000000000033       0x34 CMakeFiles/runnable.dir/home/geragm/pico/pico-sdk/src/common/pico_sync/lock_core.c.obj
 .comment       0x0000000000000033       0x34 CMakeFiles/runnable.dir/home/geragm/pico/pico-sdk/src/common/pico_time/time.c.obj
 .comment       0x0000000000000033       0x34 CMakeFiles/runnable.dir/home/geragm/pico/pico-sdk/src/rp2_common/hardware_timer/timer.c.obj
 .comment       0x0000000000000033       0x34 CMakeFiles/runnable.dir/home/geragm/pico/pico-sdk/src/common/pico_util/pheap.c.obj
 .comment       0x0000000000000033       0x34 CMakeFiles/runnable.dir/home/geragm/pico/pico-sdk/src/common/pico_sync/mutex.c.obj
 .comment       0x0000000000000033       0x34 CMakeFiles/runnable.dir/home/geragm/pico/pico-sdk/src/rp2_common/pico_runtime/runtime.c.obj
 .comment       0x0000000000000033       0x34 CMakeFiles/runnable.dir/home/geragm/pico/pico-sdk/src/rp2_common/hardware_clocks/clocks.c.obj
 .comment       0x0000000000000033       0x34 CMakeFiles/runnable.dir/home/geragm/pico/pico-sdk/src/rp2_common/hardware_pll/pll.c.obj
 .comment       0x0000000000000033       0x34 CMakeFiles/runnable.dir/home/geragm/pico/pico-sdk/src/rp2_common/hardware_watchdog/watchdog.c.obj
 .comment       0x0000000000000033       0x34 CMakeFiles/runnable.dir/home/geragm/pico/pico-sdk/src/rp2_common/hardware_xosc/xosc.c.obj
 .comment       0x0000000000000033       0x34 CMakeFiles/runnable.dir/home/geragm/pico/pico-sdk/src/rp2_common/pico_printf/printf.c.obj
 .comment       0x0000000000000033       0x34 CMakeFiles/runnable.dir/home/geragm/pico/pico-sdk/src/rp2_common/pico_bootrom/bootrom.c.obj
 .comment       0x0000000000000033       0x34 CMakeFiles/runnable.dir/home/geragm/pico/pico-sdk/src/rp2_common/pico_double/double_init_rom.c.obj
 .comment       0x0000000000000033       0x34 CMakeFiles/runnable.dir/home/geragm/pico/pico-sdk/src/rp2_common/pico_float/float_init_rom.c.obj
 .comment       0x0000000000000033       0x34 CMakeFiles/runnable.dir/home/geragm/pico/pico-sdk/src/rp2_common/pico_standard_link/binary_info.c.obj
 .comment       0x0000000000000033       0x34 CMakeFiles/runnable.dir/home/geragm/pico/pico-sdk/src/rp2_common/pico_stdio/stdio.c.obj
 .comment       0x0000000000000033       0x34 /usr/lib/gcc/arm-none-eabi/10.3.1/../../../arm-none-eabi/lib/thumb/v6-m/nofp/libg.a(lib_a-strlen-stub.o)
 .comment       0x0000000000000033       0x34 /usr/lib/gcc/arm-none-eabi/10.3.1/thumb/v6-m/nofp/crtend.o

.debug_info     0x0000000000000000    0x13bd1
 .debug_info    0x0000000000000000      0x912 CMakeFiles/runnable.dir/main.cpp.obj
 .debug_info    0x0000000000000912     0x132d CMakeFiles/runnable.dir/Motors/motors_control.cpp.obj
 .debug_info    0x0000000000001c3f     0x16b3 CMakeFiles/runnable.dir/home/geragm/pico/pico-sdk/src/rp2_common/hardware_gpio/gpio.c.obj
 .debug_info    0x00000000000032f2      0x6a3 CMakeFiles/runnable.dir/home/geragm/pico/pico-sdk/src/rp2_common/hardware_claim/claim.c.obj
 .debug_info    0x0000000000003995      0x1cb CMakeFiles/runnable.dir/home/geragm/pico/pico-sdk/src/rp2_common/pico_platform/platform.c.obj
 .debug_info    0x0000000000003b60      0x576 CMakeFiles/runnable.dir/home/geragm/pico/pico-sdk/src/rp2_common/hardware_sync/sync.c.obj
 .debug_info    0x00000000000040d6     0x1c01 CMakeFiles/runnable.dir/home/geragm/pico/pico-sdk/src/rp2_common/hardware_irq/irq.c.obj
 .debug_info    0x0000000000005cd7      0x198 CMakeFiles/runnable.dir/home/geragm/pico/pico-sdk/src/common/pico_sync/lock_core.c.obj
 .debug_info    0x0000000000005e6f     0x3aff CMakeFiles/runnable.dir/home/geragm/pico/pico-sdk/src/common/pico_time/time.c.obj
 .debug_info    0x000000000000996e     0x10f8 CMakeFiles/runnable.dir/home/geragm/pico/pico-sdk/src/rp2_common/hardware_timer/timer.c.obj
 .debug_info    0x000000000000aa66     0x120c CMakeFiles/runnable.dir/home/geragm/pico/pico-sdk/src/common/pico_util/pheap.c.obj
 .debug_info    0x000000000000bc72     0x1ff2 CMakeFiles/runnable.dir/home/geragm/pico/pico-sdk/src/common/pico_sync/mutex.c.obj
 .debug_info    0x000000000000dc64      0xa87 CMakeFiles/runnable.dir/home/geragm/pico/pico-sdk/src/rp2_common/pico_runtime/runtime.c.obj
 .debug_info    0x000000000000e6eb      0xf33 CMakeFiles/runnable.dir/home/geragm/pico/pico-sdk/src/rp2_common/hardware_clocks/clocks.c.obj
 .debug_info    0x000000000000f61e      0x532 CMakeFiles/runnable.dir/home/geragm/pico/pico-sdk/src/rp2_common/hardware_pll/pll.c.obj
 .debug_info    0x000000000000fb50      0x4ee CMakeFiles/runnable.dir/home/geragm/pico/pico-sdk/src/rp2_common/hardware_watchdog/watchdog.c.obj
 .debug_info    0x000000000001003e      0x1c0 CMakeFiles/runnable.dir/home/geragm/pico/pico-sdk/src/rp2_common/hardware_xosc/xosc.c.obj
 .debug_info    0x00000000000101fe     0x1a47 CMakeFiles/runnable.dir/home/geragm/pico/pico-sdk/src/rp2_common/pico_printf/printf.c.obj
 .debug_info    0x0000000000011c45       0x22 CMakeFiles/runnable.dir/home/geragm/pico/pico-sdk/src/rp2_common/pico_bit_ops/bit_ops_aeabi.S.obj
 .debug_info    0x0000000000011c67      0x258 CMakeFiles/runnable.dir/home/geragm/pico/pico-sdk/src/rp2_common/pico_bootrom/bootrom.c.obj
 .debug_info    0x0000000000011ebf       0x22 CMakeFiles/runnable.dir/home/geragm/pico/pico-sdk/src/rp2_common/pico_divider/divider.S.obj
 .debug_info    0x0000000000011ee1       0x22 CMakeFiles/runnable.dir/home/geragm/pico/pico-sdk/src/rp2_common/pico_double/double_aeabi.S.obj
 .debug_info    0x0000000000011f03      0x2a1 CMakeFiles/runnable.dir/home/geragm/pico/pico-sdk/src/rp2_common/pico_double/double_init_rom.c.obj
 .debug_info    0x00000000000121a4       0x22 CMakeFiles/runnable.dir/home/geragm/pico/pico-sdk/src/rp2_common/pico_double/double_v1_rom_shim.S.obj
 .debug_info    0x00000000000121c6       0x22 CMakeFiles/runnable.dir/home/geragm/pico/pico-sdk/src/rp2_common/pico_float/float_aeabi.S.obj
 .debug_info    0x00000000000121e8      0x2bb CMakeFiles/runnable.dir/home/geragm/pico/pico-sdk/src/rp2_common/pico_float/float_init_rom.c.obj
 .debug_info    0x00000000000124a3       0x22 CMakeFiles/runnable.dir/home/geragm/pico/pico-sdk/src/rp2_common/pico_float/float_v1_rom_shim.S.obj
 .debug_info    0x00000000000124c5       0x22 CMakeFiles/runnable.dir/home/geragm/pico/pico-sdk/src/rp2_common/pico_mem_ops/mem_ops_aeabi.S.obj
 .debug_info    0x00000000000124e7       0x22 CMakeFiles/runnable.dir/home/geragm/pico/pico-sdk/src/rp2_common/pico_standard_link/crt0.S.obj
 .debug_info    0x0000000000012509      0x2c6 CMakeFiles/runnable.dir/home/geragm/pico/pico-sdk/src/rp2_common/pico_standard_link/binary_info.c.obj
 .debug_info    0x00000000000127cf     0x12ee CMakeFiles/runnable.dir/home/geragm/pico/pico-sdk/src/rp2_common/pico_stdio/stdio.c.obj
 .debug_info    0x0000000000013abd       0x26 /usr/lib/gcc/arm-none-eabi/10.3.1/thumb/v6-m/nofp/libgcc.a(_dvmd_tls.o)
 .debug_info    0x0000000000013ae3       0xee /usr/lib/gcc/arm-none-eabi/10.3.1/../../../arm-none-eabi/lib/thumb/v6-m/nofp/libg.a(lib_a-strlen-stub.o)

.debug_abbrev   0x0000000000000000     0x3f68
 .debug_abbrev  0x0000000000000000      0x270 CMakeFiles/runnable.dir/main.cpp.obj
 .debug_abbrev  0x0000000000000270      0x48e CMakeFiles/runnable.dir/Motors/motors_control.cpp.obj
 .debug_abbrev  0x00000000000006fe      0x326 CMakeFiles/runnable.dir/home/geragm/pico/pico-sdk/src/rp2_common/hardware_gpio/gpio.c.obj
 .debug_abbrev  0x0000000000000a24      0x2e9 CMakeFiles/runnable.dir/home/geragm/pico/pico-sdk/src/rp2_common/hardware_claim/claim.c.obj
 .debug_abbrev  0x0000000000000d0d       0xeb CMakeFiles/runnable.dir/home/geragm/pico/pico-sdk/src/rp2_common/pico_platform/platform.c.obj
 .debug_abbrev  0x0000000000000df8      0x21b CMakeFiles/runnable.dir/home/geragm/pico/pico-sdk/src/rp2_common/hardware_sync/sync.c.obj
 .debug_abbrev  0x0000000000001013      0x4fc CMakeFiles/runnable.dir/home/geragm/pico/pico-sdk/src/rp2_common/hardware_irq/irq.c.obj
 .debug_abbrev  0x000000000000150f      0x116 CMakeFiles/runnable.dir/home/geragm/pico/pico-sdk/src/common/pico_sync/lock_core.c.obj
 .debug_abbrev  0x0000000000001625      0x54d CMakeFiles/runnable.dir/home/geragm/pico/pico-sdk/src/common/pico_time/time.c.obj
 .debug_abbrev  0x0000000000001b72      0x3a2 CMakeFiles/runnable.dir/home/geragm/pico/pico-sdk/src/rp2_common/hardware_timer/timer.c.obj
 .debug_abbrev  0x0000000000001f14      0x297 CMakeFiles/runnable.dir/home/geragm/pico/pico-sdk/src/common/pico_util/pheap.c.obj
 .debug_abbrev  0x00000000000021ab      0x386 CMakeFiles/runnable.dir/home/geragm/pico/pico-sdk/src/common/pico_sync/mutex.c.obj
 .debug_abbrev  0x0000000000002531      0x3aa CMakeFiles/runnable.dir/home/geragm/pico/pico-sdk/src/rp2_common/pico_runtime/runtime.c.obj
 .debug_abbrev  0x00000000000028db      0x3a5 CMakeFiles/runnable.dir/home/geragm/pico/pico-sdk/src/rp2_common/hardware_clocks/clocks.c.obj
 .debug_abbrev  0x0000000000002c80      0x1ea CMakeFiles/runnable.dir/home/geragm/pico/pico-sdk/src/rp2_common/hardware_pll/pll.c.obj
 .debug_abbrev  0x0000000000002e6a      0x1a8 CMakeFiles/runnable.dir/home/geragm/pico/pico-sdk/src/rp2_common/hardware_watchdog/watchdog.c.obj
 .debug_abbrev  0x0000000000003012      0x109 CMakeFiles/runnable.dir/home/geragm/pico/pico-sdk/src/rp2_common/hardware_xosc/xosc.c.obj
 .debug_abbrev  0x000000000000311b      0x384 CMakeFiles/runnable.dir/home/geragm/pico/pico-sdk/src/rp2_common/pico_printf/printf.c.obj
 .debug_abbrev  0x000000000000349f       0x12 CMakeFiles/runnable.dir/home/geragm/pico/pico-sdk/src/rp2_common/pico_bit_ops/bit_ops_aeabi.S.obj
 .debug_abbrev  0x00000000000034b1      0x13b CMakeFiles/runnable.dir/home/geragm/pico/pico-sdk/src/rp2_common/pico_bootrom/bootrom.c.obj
 .debug_abbrev  0x00000000000035ec       0x12 CMakeFiles/runnable.dir/home/geragm/pico/pico-sdk/src/rp2_common/pico_divider/divider.S.obj
 .debug_abbrev  0x00000000000035fe       0x12 CMakeFiles/runnable.dir/home/geragm/pico/pico-sdk/src/rp2_common/pico_double/double_aeabi.S.obj
 .debug_abbrev  0x0000000000003610      0x179 CMakeFiles/runnable.dir/home/geragm/pico/pico-sdk/src/rp2_common/pico_double/double_init_rom.c.obj
 .debug_abbrev  0x0000000000003789       0x12 CMakeFiles/runnable.dir/home/geragm/pico/pico-sdk/src/rp2_common/pico_double/double_v1_rom_shim.S.obj
 .debug_abbrev  0x000000000000379b       0x12 CMakeFiles/runnable.dir/home/geragm/pico/pico-sdk/src/rp2_common/pico_float/float_aeabi.S.obj
 .debug_abbrev  0x00000000000037ad      0x18c CMakeFiles/runnable.dir/home/geragm/pico/pico-sdk/src/rp2_common/pico_float/float_init_rom.c.obj
 .debug_abbrev  0x0000000000003939       0x12 CMakeFiles/runnable.dir/home/geragm/pico/pico-sdk/src/rp2_common/pico_float/float_v1_rom_shim.S.obj
 .debug_abbrev  0x000000000000394b       0x12 CMakeFiles/runnable.dir/home/geragm/pico/pico-sdk/src/rp2_common/pico_mem_ops/mem_ops_aeabi.S.obj
 .debug_abbrev  0x000000000000395d       0x12 CMakeFiles/runnable.dir/home/geragm/pico/pico-sdk/src/rp2_common/pico_standard_link/crt0.S.obj
 .debug_abbrev  0x000000000000396f       0xad CMakeFiles/runnable.dir/home/geragm/pico/pico-sdk/src/rp2_common/pico_standard_link/binary_info.c.obj
 .debug_abbrev  0x0000000000003a1c      0x4a9 CMakeFiles/runnable.dir/home/geragm/pico/pico-sdk/src/rp2_common/pico_stdio/stdio.c.obj
 .debug_abbrev  0x0000000000003ec5       0x14 /usr/lib/gcc/arm-none-eabi/10.3.1/thumb/v6-m/nofp/libgcc.a(_dvmd_tls.o)
 .debug_abbrev  0x0000000000003ed9       0x8f /usr/lib/gcc/arm-none-eabi/10.3.1/../../../arm-none-eabi/lib/thumb/v6-m/nofp/libg.a(lib_a-strlen-stub.o)

.debug_loc      0x0000000000000000     0xd337
 .debug_loc     0x0000000000000000       0x84 CMakeFiles/runnable.dir/main.cpp.obj
 .debug_loc     0x0000000000000084      0x445 CMakeFiles/runnable.dir/Motors/motors_control.cpp.obj
 .debug_loc     0x00000000000004c9     0x118d CMakeFiles/runnable.dir/home/geragm/pico/pico-sdk/src/rp2_common/hardware_gpio/gpio.c.obj
 .debug_loc     0x0000000000001656      0x45f CMakeFiles/runnable.dir/home/geragm/pico/pico-sdk/src/rp2_common/hardware_claim/claim.c.obj
 .debug_loc     0x0000000000001ab5       0xe9 CMakeFiles/runnable.dir/home/geragm/pico/pico-sdk/src/rp2_common/pico_platform/platform.c.obj
 .debug_loc     0x0000000000001b9e      0x233 CMakeFiles/runnable.dir/home/geragm/pico/pico-sdk/src/rp2_common/hardware_sync/sync.c.obj
 .debug_loc     0x0000000000001dd1     0x1365 CMakeFiles/runnable.dir/home/geragm/pico/pico-sdk/src/rp2_common/hardware_irq/irq.c.obj
 .debug_loc     0x0000000000003136       0x60 CMakeFiles/runnable.dir/home/geragm/pico/pico-sdk/src/common/pico_sync/lock_core.c.obj
 .debug_loc     0x0000000000003196     0x2e2a CMakeFiles/runnable.dir/home/geragm/pico/pico-sdk/src/common/pico_time/time.c.obj
 .debug_loc     0x0000000000005fc0      0x952 CMakeFiles/runnable.dir/home/geragm/pico/pico-sdk/src/rp2_common/hardware_timer/timer.c.obj
 .debug_loc     0x0000000000006912     0x1439 CMakeFiles/runnable.dir/home/geragm/pico/pico-sdk/src/common/pico_util/pheap.c.obj
 .debug_loc     0x0000000000007d4b     0x1469 CMakeFiles/runnable.dir/home/geragm/pico/pico-sdk/src/common/pico_sync/mutex.c.obj
 .debug_loc     0x00000000000091b4      0x3ff CMakeFiles/runnable.dir/home/geragm/pico/pico-sdk/src/rp2_common/pico_runtime/runtime.c.obj
 .debug_loc     0x00000000000095b3      0x7eb CMakeFiles/runnable.dir/home/geragm/pico/pico-sdk/src/rp2_common/hardware_clocks/clocks.c.obj
 .debug_loc     0x0000000000009d9e      0x32f CMakeFiles/runnable.dir/home/geragm/pico/pico-sdk/src/rp2_common/hardware_pll/pll.c.obj
 .debug_loc     0x000000000000a0cd      0x2ec CMakeFiles/runnable.dir/home/geragm/pico/pico-sdk/src/rp2_common/hardware_watchdog/watchdog.c.obj
 .debug_loc     0x000000000000a3b9       0x71 CMakeFiles/runnable.dir/home/geragm/pico/pico-sdk/src/rp2_common/hardware_xosc/xosc.c.obj
 .debug_loc     0x000000000000a42a     0x2095 CMakeFiles/runnable.dir/home/geragm/pico/pico-sdk/src/rp2_common/pico_printf/printf.c.obj
 .debug_loc     0x000000000000c4bf      0x1a1 CMakeFiles/runnable.dir/home/geragm/pico/pico-sdk/src/rp2_common/pico_bootrom/bootrom.c.obj
 .debug_loc     0x000000000000c660       0x59 CMakeFiles/runnable.dir/home/geragm/pico/pico-sdk/src/rp2_common/pico_double/double_init_rom.c.obj
 .debug_loc     0x000000000000c6b9       0x73 CMakeFiles/runnable.dir/home/geragm/pico/pico-sdk/src/rp2_common/pico_float/float_init_rom.c.obj
 .debug_loc     0x000000000000c72c      0xb7b CMakeFiles/runnable.dir/home/geragm/pico/pico-sdk/src/rp2_common/pico_stdio/stdio.c.obj
 .debug_loc     0x000000000000d2a7       0x90 /usr/lib/gcc/arm-none-eabi/10.3.1/../../../arm-none-eabi/lib/thumb/v6-m/nofp/libg.a(lib_a-strlen-stub.o)

.debug_aranges  0x0000000000000000      0xd98
 .debug_aranges
                0x0000000000000000       0x30 CMakeFiles/runnable.dir/main.cpp.obj
 .debug_aranges
                0x0000000000000030       0x38 CMakeFiles/runnable.dir/Motors/motors_control.cpp.obj
 .debug_aranges
                0x0000000000000068      0x100 CMakeFiles/runnable.dir/home/geragm/pico/pico-sdk/src/rp2_common/hardware_gpio/gpio.c.obj
 .debug_aranges
                0x0000000000000168       0x48 CMakeFiles/runnable.dir/home/geragm/pico/pico-sdk/src/rp2_common/hardware_claim/claim.c.obj
 .debug_aranges
                0x00000000000001b0       0x28 CMakeFiles/runnable.dir/home/geragm/pico/pico-sdk/src/rp2_common/pico_platform/platform.c.obj
 .debug_aranges
                0x00000000000001d8       0x58 CMakeFiles/runnable.dir/home/geragm/pico/pico-sdk/src/rp2_common/hardware_sync/sync.c.obj
 .debug_aranges
                0x0000000000000230       0xc8 CMakeFiles/runnable.dir/home/geragm/pico/pico-sdk/src/rp2_common/hardware_irq/irq.c.obj
 .debug_aranges
                0x00000000000002f8       0x20 CMakeFiles/runnable.dir/home/geragm/pico/pico-sdk/src/common/pico_sync/lock_core.c.obj
 .debug_aranges
                0x0000000000000318       0xd0 CMakeFiles/runnable.dir/home/geragm/pico/pico-sdk/src/common/pico_time/time.c.obj
 .debug_aranges
                0x00000000000003e8       0x78 CMakeFiles/runnable.dir/home/geragm/pico/pico-sdk/src/rp2_common/hardware_timer/timer.c.obj
 .debug_aranges
                0x0000000000000460       0x78 CMakeFiles/runnable.dir/home/geragm/pico/pico-sdk/src/common/pico_util/pheap.c.obj
 .debug_aranges
                0x00000000000004d8       0x88 CMakeFiles/runnable.dir/home/geragm/pico/pico-sdk/src/common/pico_sync/mutex.c.obj
 .debug_aranges
                0x0000000000000560       0x60 CMakeFiles/runnable.dir/home/geragm/pico/pico-sdk/src/rp2_common/pico_runtime/runtime.c.obj
 .debug_aranges
                0x00000000000005c0       0x70 CMakeFiles/runnable.dir/home/geragm/pico/pico-sdk/src/rp2_common/hardware_clocks/clocks.c.obj
 .debug_aranges
                0x0000000000000630       0x28 CMakeFiles/runnable.dir/home/geragm/pico/pico-sdk/src/rp2_common/hardware_pll/pll.c.obj
 .debug_aranges
                0x0000000000000658       0x58 CMakeFiles/runnable.dir/home/geragm/pico/pico-sdk/src/rp2_common/hardware_watchdog/watchdog.c.obj
 .debug_aranges
                0x00000000000006b0       0x30 CMakeFiles/runnable.dir/home/geragm/pico/pico-sdk/src/rp2_common/hardware_xosc/xosc.c.obj
 .debug_aranges
                0x00000000000006e0       0x90 CMakeFiles/runnable.dir/home/geragm/pico/pico-sdk/src/rp2_common/pico_printf/printf.c.obj
 .debug_aranges
                0x0000000000000770       0x68 CMakeFiles/runnable.dir/home/geragm/pico/pico-sdk/src/rp2_common/pico_bit_ops/bit_ops_aeabi.S.obj
 .debug_aranges
                0x00000000000007d8       0x30 CMakeFiles/runnable.dir/home/geragm/pico/pico-sdk/src/rp2_common/pico_bootrom/bootrom.c.obj
 .debug_aranges
                0x0000000000000808       0x40 CMakeFiles/runnable.dir/home/geragm/pico/pico-sdk/src/rp2_common/pico_divider/divider.S.obj
 .debug_aranges
                0x0000000000000848      0x140 CMakeFiles/runnable.dir/home/geragm/pico/pico-sdk/src/rp2_common/pico_double/double_aeabi.S.obj
 .debug_aranges
                0x0000000000000988       0x20 CMakeFiles/runnable.dir/home/geragm/pico/pico-sdk/src/rp2_common/pico_double/double_init_rom.c.obj
 .debug_aranges
                0x00000000000009a8       0xc8 CMakeFiles/runnable.dir/home/geragm/pico/pico-sdk/src/rp2_common/pico_double/double_v1_rom_shim.S.obj
 .debug_aranges
                0x0000000000000a70      0x130 CMakeFiles/runnable.dir/home/geragm/pico/pico-sdk/src/rp2_common/pico_float/float_aeabi.S.obj
 .debug_aranges
                0x0000000000000ba0       0x20 CMakeFiles/runnable.dir/home/geragm/pico/pico-sdk/src/rp2_common/pico_float/float_init_rom.c.obj
 .debug_aranges
                0x0000000000000bc0       0x50 CMakeFiles/runnable.dir/home/geragm/pico/pico-sdk/src/rp2_common/pico_float/float_v1_rom_shim.S.obj
 .debug_aranges
                0x0000000000000c10       0x38 CMakeFiles/runnable.dir/home/geragm/pico/pico-sdk/src/rp2_common/pico_mem_ops/mem_ops_aeabi.S.obj
 .debug_aranges
                0x0000000000000c48       0x28 CMakeFiles/runnable.dir/home/geragm/pico/pico-sdk/src/rp2_common/pico_standard_link/crt0.S.obj
 .debug_aranges
                0x0000000000000c70       0x18 CMakeFiles/runnable.dir/home/geragm/pico/pico-sdk/src/rp2_common/pico_standard_link/binary_info.c.obj
 .debug_aranges
                0x0000000000000c88       0xd0 CMakeFiles/runnable.dir/home/geragm/pico/pico-sdk/src/rp2_common/pico_stdio/stdio.c.obj
 .debug_aranges
                0x0000000000000d58       0x20 /usr/lib/gcc/arm-none-eabi/10.3.1/thumb/v6-m/nofp/libgcc.a(_dvmd_tls.o)
 .debug_aranges
                0x0000000000000d78       0x20 /usr/lib/gcc/arm-none-eabi/10.3.1/../../../arm-none-eabi/lib/thumb/v6-m/nofp/libg.a(lib_a-strlen-stub.o)

.debug_ranges   0x0000000000000000     0x2ca8
 .debug_ranges  0x0000000000000000       0x20 CMakeFiles/runnable.dir/main.cpp.obj
 .debug_ranges  0x0000000000000020       0x78 CMakeFiles/runnable.dir/Motors/motors_control.cpp.obj
 .debug_ranges  0x0000000000000098      0x150 CMakeFiles/runnable.dir/home/geragm/pico/pico-sdk/src/rp2_common/hardware_gpio/gpio.c.obj
 .debug_ranges  0x00000000000001e8       0xd8 CMakeFiles/runnable.dir/home/geragm/pico/pico-sdk/src/rp2_common/hardware_claim/claim.c.obj
 .debug_ranges  0x00000000000002c0       0x18 CMakeFiles/runnable.dir/home/geragm/pico/pico-sdk/src/rp2_common/pico_platform/platform.c.obj
 .debug_ranges  0x00000000000002d8       0xf0 CMakeFiles/runnable.dir/home/geragm/pico/pico-sdk/src/rp2_common/hardware_sync/sync.c.obj
 .debug_ranges  0x00000000000003c8      0x400 CMakeFiles/runnable.dir/home/geragm/pico/pico-sdk/src/rp2_common/hardware_irq/irq.c.obj
 .debug_ranges  0x00000000000007c8       0x10 CMakeFiles/runnable.dir/home/geragm/pico/pico-sdk/src/common/pico_sync/lock_core.c.obj
 .debug_ranges  0x00000000000007d8      0xba0 CMakeFiles/runnable.dir/home/geragm/pico/pico-sdk/src/common/pico_time/time.c.obj
 .debug_ranges  0x0000000000001378      0x320 CMakeFiles/runnable.dir/home/geragm/pico/pico-sdk/src/rp2_common/hardware_timer/timer.c.obj
 .debug_ranges  0x0000000000001698      0x248 CMakeFiles/runnable.dir/home/geragm/pico/pico-sdk/src/common/pico_util/pheap.c.obj